Archive member included because of file (symbol)

arch/arm/cpu/aml_meson/m1/libm1.a(mmutable.o)
                              arch/arm/cpu/aml_meson/start.o (mmu_table)
arch/arm/lib/libarm.a(cache_init.o)
                              arch/arm/cpu/aml_meson/start.o (cache_init)
arch/arm/lib/libarm.a(board.o)
                              arch/arm/cpu/aml_meson/start.o (start_armboot)
arch/arm/lib/libarm.a(cache.o)
                              arch/arm/lib/libarm.a(board.o) (icache_status)
arch/arm/lib/libarm.a(cache-cp15.o)
                              arch/arm/lib/libarm.a(cache.o) (cp15_icache_enable)
arch/arm/lib/libarm.a(interrupts.o)
                              arch/arm/lib/libarm.a(board.o) (enable_interrupts)
arch/arm/lib/libarm.a(cache_v7.o)
                              arch/arm/lib/libarm.a(cache.o) (_invalidate_dcache)
drivers/i2c/libi2c.a(aml_i2c.o)
                              arch/arm/lib/libarm.a(board.o) (aml_i2c_init)
drivers/mmc/libmmc.a(mmc.o)   arch/arm/lib/libarm.a(board.o) (mmc_initialize)
drivers/mtd/nand/libnand.a(m1_nand.o)
                              arch/arm/lib/libarm.a(board.o) (nand_init)
drivers/mtd/nand/libnand.a(aml_nand.o)
                              drivers/mtd/nand/libnand.a(m1_nand.o) (aml_nand_init)
drivers/mtd/nand/libnand.a(nand_base.o)
                              drivers/mtd/nand/libnand.a(aml_nand.o) (nand_scan_tail)
drivers/mtd/nand/libnand.a(nand_bbt.o)
                              drivers/mtd/nand/libnand.a(nand_base.o) (nand_isbad_bbt)
drivers/mtd/nand/libnand.a(nand_ecc.o)
                              drivers/mtd/nand/libnand.a(nand_base.o) (nand_calculate_ecc)
drivers/mtd/nand/libnand.a(nand_ids.o)
                              drivers/mtd/nand/libnand.a(nand_base.o) (nand_flash_ids)
drivers/rtc/librtc.a(aml_rtc.o)
                              arch/arm/lib/libarm.a(board.o) (aml_rtc_init)
drivers/rtc/librtc.a(rtc-lib.o)
                              drivers/rtc/librtc.a(aml_rtc.o) (rtc_time_to_tm)
common/libcommon.a(cmd_autoscript.o)
                              (__u_boot_cmd_autoscr)
common/libcommon.a(cmd_bdinfo.o)
                              (__u_boot_cmd_bdinfo)
common/libcommon.a(cmd_bmp.o)
                              (__u_boot_cmd_bmp)
common/libcommon.a(cmd_boot.o)
                              (__u_boot_cmd_go)
common/libcommon.a(cmd_bootm.o)
                              arch/arm/lib/libarm.a(board.o) (load_addr)
common/libcommon.a(cmd_console.o)
                              (__u_boot_cmd_coninfo)
common/libcommon.a(cmd_echo.o)
                              (__u_boot_cmd_echo)
common/libcommon.a(cmd_exit.o)
                              (__u_boot_cmd_exit)
common/libcommon.a(cmd_ext2.o)
                              (__u_boot_cmd_ext2ls)
common/libcommon.a(cmd_fat.o)
                              (__u_boot_cmd_fatload)
common/libcommon.a(cmd_help.o)
                              (__u_boot_cmd_help)
common/libcommon.a(cmd_itest.o)
                              (__u_boot_cmd_itest)
common/libcommon.a(cmd_load.o)
                              (__u_boot_cmd_loads)
common/libcommon.a(cmd_mem.o)
                              (__u_boot_cmd_md)
common/libcommon.a(cmd_misc.o)
                              (__u_boot_cmd_sleep)
common/libcommon.a(cmd_mmc.o)
                              (__u_boot_cmd_mmcinfo)
common/libcommon.a(cmd_mtdparts.o)
                              (__u_boot_cmd_chpart)
common/libcommon.a(cmd_nand.o)
                              (__u_boot_cmd_nand)
common/libcommon.a(cmd_nvedit.o)
                              arch/arm/lib/libarm.a(board.o) (getenv_r)
common/libcommon.a(cmd_sf.o)  (__u_boot_cmd_sf)
common/libcommon.a(cmd_source.o)
                              (__u_boot_cmd_source)
common/libcommon.a(cmd_test.o)
                              (__u_boot_cmd_test)
common/libcommon.a(cmd_ubi.o)
                              (__u_boot_cmd_ubi)
common/libcommon.a(cmd_ubifs.o)
                              (__u_boot_cmd_ubifsmount)
common/libcommon.a(cmd_usb.o)
                              (__u_boot_cmd_usb)
common/libcommon.a(cmd_version.o)
                              (__u_boot_cmd_version)
common/libcommon.a(cmd_ximg.o)
                              (__u_boot_cmd_imxtract)
common/libcommon.a(command.o)
                              common/libcommon.a(cmd_itest.o) (cmd_get_data_size)
common/libcommon.a(console.o)
                              arch/arm/lib/libarm.a(board.o) (printf)
common/libcommon.a(dlmalloc.o)
                              drivers/mtd/nand/libnand.a(m1_nand.o) (free)
common/libcommon.a(env_common.o)
                              common/libcommon.a(cmd_nvedit.o) (env_get_addr)
common/libcommon.a(env_nand.o)
                              common/libcommon.a(env_common.o) (env_get_char_spec)
common/libcommon.a(exports.o)
                              arch/arm/lib/libarm.a(board.o) (jumptable_init)
common/libcommon.a(hush.o)    common/libcommon.a(cmd_autoscript.o) (parse_string_outer)
[...]
Memory Configuration

Name             Origin             Length             Attributes
*default*        0x00000000         0xffffffff

Linker script and memory map

                0x00000000                . = 0x0
                0x00000000                . = ALIGN (0x4)

.text           0x8f800000    0x5639c
 arch/arm/cpu/aml_meson/start.o(.text)
 .text          0x8f800000      0x3e0 arch/arm/cpu/aml_meson/start.o
                0x8f800000                _start
                0x8f800040                _end_vect
                0x8f800044                _armboot_start
                0x8f800048                _bss_start
                0x8f80004c                _bss_end
 *(.text)
 .text          0x8f8003e0        0x0 arch/arm/cpu/aml_meson/m1/libm1.a(mmutable.o)
 .text          0x8f8003e0       0xc8 arch/arm/lib/libarm.a(cache_init.o)
                0x8f8003e0                cache_init
 .text          0x8f8004a8      0x27c arch/arm/lib/libarm.a(board.o)
                0x8f8004a8                coloured_LED_init
                0x8f8004a8                __coloured_LED_init
                0x8f8004ac                red_LED_on
                0x8f8004ac                __red_LED_on
                0x8f8004b0                __red_LED_off
                0x8f8004b0                red_LED_off
                0x8f8004b4                green_LED_on
                0x8f8004b4                __green_LED_on
                0x8f8004b8                __green_LED_off
                0x8f8004b8                green_LED_off
                0x8f8004bc                __yellow_LED_on
                0x8f8004bc                yellow_LED_on
                0x8f8004c0                __yellow_LED_off
                0x8f8004c0                yellow_LED_off
                0x8f8004c4                blue_LED_on
                0x8f8004c4                __blue_LED_on
                0x8f8004c8                blue_LED_off
                0x8f8004c8                __blue_LED_off
                0x8f8004cc                hang
                0x8f800598                start_armboot
 .text          0x8f800724      0x170 arch/arm/lib/libarm.a(cache.o)
                0x8f800724                dcache_inv_line
                0x8f800730                dcache_clean_line
                0x8f80073c                dcache_clean_range
                0x8f800768                dcache_flush_line
                0x8f800774                dcache_invalid_range
                0x8f8007c8                dcache_flush_range
                0x8f8007f4                icache_status
                0x8f800800                dcache_status
                0x8f80080c                icache_invalid
                0x8f800818                icache_disable
                0x8f800824                icache_enable
                0x8f800830                dcache_flush
                0x8f800848                flush_cache
                0x8f800854                dcache_invalid
                0x8f800860                dcache_clean
                0x8f800878                dcache_disable
                0x8f800888                dcache_enable
 .text          0x8f800894       0xcc arch/arm/lib/libarm.a(cache-cp15.o)
                0x8f800908                cp15_icache_enable
                0x8f800918                cp15_icache_disable
                0x8f800928                cp15_icache_status
                0x8f800934                cp15_dcache_enable
                0x8f800944                cp15_dcache_disable
                0x8f800954                cp15_dcache_status
 .text          0x8f800960      0x2a0 arch/arm/lib/libarm.a(interrupts.o)
                0x8f800960                enable_interrupts
                0x8f800964                disable_interrupts
                0x8f80096c                show_regs
                0x8f800abc                bad_mode
                0x8f800ad8                do_irq
                0x8f800afc                do_fiq
                0x8f800b20                do_not_used
                0x8f800b44                do_data_abort
                0x8f800b68                do_prefetch_abort
                0x8f800b8c                do_software_interrupt
                0x8f800bb0                do_undefined_instruction
 .text          0x8f800c00      0x140 arch/arm/lib/libarm.a(cache_v7.o)
                0x8f800c00                _invalidate_dcache
                0x8f800c4c                _clean_dcache
                0x8f800c98                _clean_invd_dcache
                0x8f800ce4                _clean_dcache_addr
                0x8f800cf4                _invalidate_dcache_addr2
                0x8f800d00                _invalidate_dcache_addr
                0x8f800d10                _clean_invd_dcache_addr
                0x8f800d20                _invalidate_icache
 .text          0x8f800d40      0xf38 drivers/i2c/libi2c.a(aml_i2c.o)
                0x8f801014                aml_i2c_xfer
                0x8f8019f0                aml_i2c_init
 .text          0x8f801c78     0x17d0 drivers/mmc/libmmc.a(mmc.o)
                0x8f801c78                mmc_set_ios
                0x8f801c88                mmc_set_clock
                0x8f801cb0                mmc_set_bus_width
                0x8f801cc0                mmc_register
                0x8f801d14                cpu_mmc_init
                0x8f801d1c                print_mmc_devices
                0x8f801d90                mmc_initialize
                0x8f801dcc                find_mmc_device
                0x8f801e38                mmc_get_dev
                0x8f801e58                mmc_send_cmd
                0x8f801eb4                mmc_send_if_cond
                0x8f801f3c                mmc_switch
                0x8f801f7c                mmc_send_ext_csd
                0x8f801fcc                mmc_change_freq
                0x8f8020b8                sd_get_card_status
                0x8f802110                mmc_set_blocklen
                0x8f802144                sd_get_sd_status
                0x8f8021f0                sd_send_op_cond
                0x8f802328                mmc_go_idle
                0x8f802378                mmc_send_op_cond
                0x8f802448                sd_wait_card_status
                0x8f8024d8                mmc_read_block
                0x8f8025ac                mmc_read_multi
                0x8f8027e4                mmc_write_block
                0x8f8028b8                mmc_write_multi
                0x8f802af0                sd_switch
                0x8f802b94                sd_change_freq
                0x8f802dcc                mmc_startup
                0x8f8033c0                mmc_init
 .text          0x8f803448      0x19c drivers/mtd/nand/libnand.a(m1_nand.o)
                0x8f803448                nand_init
 .text          0x8f8035e4     0x486c drivers/mtd/nand/libnand.a(aml_nand.o)
                0x8f8068e4                aml_nand_scan
                0x8f807290                aml_nand_init
 .text          0x8f807e50     0x41d8 drivers/mtd/nand/libnand.a(nand_base.o)
                0x8f809328                nand_release
                0x8f809380                nand_scan_tail
                0x8f80a720                nand_wait_ready
                0x8f80af7c                nand_raw_read_factory_info
                0x8f80b464                nand_erase_nand
                0x8f80b82c                nand_scan_ident
                0x8f80c008                nand_scan
 .text          0x8f80c028     0x1c4c drivers/mtd/nand/libnand.a(nand_bbt.o)
                0x8f80c164                nand_isbad_bbt
                0x8f80d2fc                nand_update_bbt
                0x8f80d698                nand_scan_bbt
                0x8f80db88                nand_default_bbt
 .text          0x8f80dc74      0x23c drivers/mtd/nand/libnand.a(nand_ecc.o)
                0x8f80dc74                nand_calculate_ecc
                0x8f80dd70                nand_correct_data
 .text          0x8f80deb0        0x0 drivers/mtd/nand/libnand.a(nand_ids.o)
 .text          0x8f80deb0      0x5cc drivers/rtc/librtc.a(aml_rtc.o)
                0x8f80deb0                rtc_ser_static_write_auto
                0x8f80e0dc                aml_rtc_init
                0x8f80e108                aml_rtc_write_time
                0x8f80e174                aml_rtc_read_time
 .text          0x8f80e47c      0x35c drivers/rtc/librtc.a(rtc-lib.o)
                0x8f80e4d0                rtc_month_days
                0x8f80e508                rtc_year_days
                0x8f80e544                rtc_time_to_tm
                0x8f80e690                rtc_valid_tm
                0x8f80e704                mktime
                0x8f80e78c                rtc_tm_to_time
 .text          0x8f80e7d8      0x1d8 common/libcommon.a(cmd_autoscript.o)
                0x8f80e7d8                autoscript
                0x8f80e968                do_autoscript
 .text          0x8f80e9b0       0xa0 common/libcommon.a(cmd_bdinfo.o)
                0x8f80e9d0                do_bdinfo
 .text          0x8f80ea50      0x2c4 common/libcommon.a(cmd_bmp.o)
                0x8f80ea50                gunzip_bmp
 .text          0x8f80ed14       0xe0 common/libcommon.a(cmd_boot.o)
                0x8f80ed14                do_go_exec
                0x8f80ed80                do_go
 .text          0x8f80edf4      0xd14 common/libcommon.a(cmd_bootm.o)
                0x8f80edf4                arch_preboot_os
                0x8f80edf4                __arch_preboot_os
                0x8f80edf8                do_bootd
                0x8f80f62c                do_bootm_subcommand
                0x8f80f820                do_bootm
 .text          0x8f80fb08      0x10c common/libcommon.a(cmd_console.o)
                0x8f80fb08                do_coninfo
 .text          0x8f80fc14       0xa0 common/libcommon.a(cmd_echo.o)
                0x8f80fc14                do_echo
 .text          0x8f80fcb4       0x38 common/libcommon.a(cmd_exit.o)
                0x8f80fcb4                do_exit
 .text          0x8f80fcec      0x4f4 common/libcommon.a(cmd_ext2.o)
                0x8f80fcec                do_ext2load
                0x8f810070                do_ext2ls
 .text          0x8f8101e0      0x538 common/libcommon.a(cmd_fat.o)
                0x8f8101e0                do_fat_fsinfo
                0x8f8102d0                do_fat_ls
                0x8f810404                do_fat_exist
                0x8f810574                do_fat_fsload
 .text          0x8f810718       0x4c common/libcommon.a(cmd_help.o)
                0x8f810718                do_help
 .text          0x8f810764      0x324 common/libcommon.a(cmd_itest.o)
                0x8f810800                binary_test
                0x8f8109e8                do_itest
 .text          0x8f810a88     0x10a8 common/libcommon.a(cmd_load.o)
                0x8f810a88                ktrans
                0x8f810ab0                chk1
                0x8f810b28                k_data_init
                0x8f810b50                k_data_save
                0x8f810b74                k_data_restore
                0x8f810b98                k_data_char
                0x8f810c14                send_pad
                0x8f810c4c                s1_sendpacket
                0x8f810c78                handle_send_packet
                0x8f810f70                send_nack
                0x8f810fd8                send_ack
                0x8f811278                do_load_serial_bin
                0x8f811a38                do_load_serial
 .text          0x8f811b30      0xa90 common/libcommon.a(cmd_mem.o)
                0x8f811b30                do_mem_crc
                0x8f811be0                do_mem_base
                0x8f811c28                do_mem_mtest
                0x8f811e30                do_mem_loop
                0x8f811f34                do_mem_cp
                0x8f812024                do_mem_cmp
                0x8f8121cc                do_mem_mw
                0x8f812468                do_mem_nm
                0x8f812494                do_mem_mm
                0x8f8124c0                do_mem_md
 .text          0x8f8125c0       0x88 common/libcommon.a(cmd_misc.o)
                0x8f8125c0                do_sleep
 .text          0x8f812648      0x428 common/libcommon.a(cmd_mmc.o)
                0x8f812648                do_mmcops
                0x8f8128ec                do_mmcselect
                0x8f812918                do_mmcinfo
 .text          0x8f812a70     0x28bc common/libcommon.a(cmd_mtdparts.o)
                0x8f812a70                device_find
                0x8f8131a4                mtd_id_parse
                0x8f8132e0                find_dev_and_part
                0x8f813f8c                mtd_device_validate
                0x8f814438                mtdparts_init
                0x8f814b4c                do_mtdparts
                0x8f81525c                do_chpart
 .text          0x8f81532c     0x1e10 common/libcommon.a(cmd_nand.o)
                0x8f8155c0                do_nandboot
                0x8f81619c                do_nand
 .text          0x8f81713c      0x9d8 common/libcommon.a(cmd_nvedit.o)
                0x8f81713c                get_env_id
                0x8f81714c                envmatch
                0x8f8171b0                getenv_r
                0x8f817268                do_saveenv
                0x8f817294                getenv
                0x8f81730c                do_defenv
                0x8f81731c                do_loadenv
                0x8f817380                _do_setenv
                0x8f817848                do_setenv
                0x8f817874                setenv
                0x8f8178d4                do_editenv
                0x8f817a60                do_printenv
 .text          0x8f817b14      0x49c common/libcommon.a(cmd_sf.o)
 .text          0x8f817fb0      0x1d8 common/libcommon.a(cmd_source.o)
                0x8f817fb0                source
                0x8f818140                do_source
 .text          0x8f818188      0x53c common/libcommon.a(cmd_test.o)
                0x8f818188                do_false
                0x8f818190                do_true
                0x8f818198                do_test
 .text          0x8f8186c4     0x1110 common/libcommon.a(cmd_ubi.o)
 .text          0x8f8197d4      0x1dc common/libcommon.a(cmd_ubifs.o)
                0x8f8197d4                do_ubifs_load
                0x8f8198d0                do_ubifs_ls
                0x8f81993c                do_ubifs_mount
 .text          0x8f8199b0     0x1340 common/libcommon.a(cmd_usb.o)
                0x8f8199b0                usb_get_class_desc
                0x8f819a74                usb_display_ep_desc
                0x8f819b50                usb_display_class_sub
                0x8f819d44                do_usbboot
                0x8f81a114                usb_show_tree_graph
                0x8f81a374                usb_show_tree
                0x8f81a3a8                usb_display_desc
                0x8f81a4d8                usb_display_string
                0x8f81a514                usb_display_if_desc
                0x8f81a5a0                usb_display_conf_desc
                0x8f81a650                usb_display_config
                0x8f81a6fc                do_usb
 .text          0x8f81acf0       0x20 common/libcommon.a(cmd_version.o)
                0x8f81acf0                do_version
 .text          0x8f81ad10      0x308 common/libcommon.a(cmd_ximg.o)
                0x8f81ad10                do_imgextract
 .text          0x8f81b018      0xab8 common/libcommon.a(command.o)
                0x8f81b018                cmd_get_data_size
                0x8f81b0dc                cmd_usage
                0x8f81b13c                var_complete
                0x8f81b1ec                find_cmd_tbl
                0x8f81b290                find_cmd
                0x8f81b2c0                cmd_auto_complete
                0x8f81b8c4                install_auto_complete
                0x8f81b914                _do_help
 .text          0x8f81bad0      0x59c common/libcommon.a(console.o)
                0x8f81bb78                fgetc
                0x8f81bba4                ftstc
                0x8f81bbd0                fputc
                0x8f81bbf8                fputs
                0x8f81bc20                disable_ctrlc
                0x8f81bc38                had_ctrlc
                0x8f81bc48                clear_ctrlc
                0x8f81bc5c                dbg
                0x8f81bc68                console_init_f
                0x8f81bc78                search_device
                0x8f81bca4                console_assign
                0x8f81bce8                fprintf
                0x8f81bd2c                puts
                0x8f81bd54                vprintf
                0x8f81bd84                printf
                0x8f81bdc0                stdio_print_current_devices
                0x8f81be88                console_init_r
                0x8f81bf68                serial_printf
                0x8f81bfa4                putc
                0x8f81bfcc                tstc
                0x8f81bff0                getc
                0x8f81c014                ctrlc
 .text          0x8f81c06c     0x1358 common/libcommon.a(dlmalloc.o)
                0x8f81c06c                sbrk
                0x8f81c0b8                malloc_trim
                0x8f81c1ac                free
                0x8f81c448                cfree
                0x8f81c454                malloc
                0x8f81cbd8                memalign
                0x8f81ccfc                pvalloc
                0x8f81cd1c                valloc
                0x8f81cd30                malloc_usable_size
                0x8f81cd7c                mallopt
                0x8f81ce00                calloc
                0x8f81ced4                mem_malloc_init
                0x8f81cf00                realloc
 .text          0x8f81d3c4      0x328 common/libcommon.a(env_common.o)
                0x8f81d3c4                env_get_char_memory
                0x8f81d3ec                env_get_addr
                0x8f81d414                env_crc_update
                0x8f81d440                set_default_env
                0x8f81d484                env_relocate
                0x8f81d4e0                env_import
                0x8f81d570                env_get_char
                0x8f81d5ac                env_complete
 .text          0x8f81d6ec      0x31c common/libcommon.a(env_nand.o)
                0x8f81d6ec                env_get_char_spec
                0x8f81d6f8                env_init
                0x8f81d714                writeenv
                0x8f81d7f8                readenv
                0x8f81d8f4                env_relocate_spec
                0x8f81d954                saveenv
 .text          0x8f81da08      0x194 common/libcommon.a(exports.o)
                0x8f81da0c                get_version
                0x8f81da14                jumptable_init
 .text          0x8f81db9c     0x2194 common/libcommon.a(hush.o)
                0x8f81dbc0                simple_itoa
                0x8f81dce0                mapset
                0x8f81dd24                do_showvar
                0x8f81de84                u_boot_hush_start
                0x8f81df04                new_pipe
                0x8f81e254                unset_local_var
                0x8f81e42c                reserved_word
                0x8f81e9fc                set_local_var
                0x8f81ebd4                update_ifs_map
                0x8f81f290                parse_file_outer
                0x8f81f2d8                parse_string_outer
 .text          0x8f81fd30      0x8cc common/libcommon.a(image.o)
                0x8f81fd30                image_multi_count
                0x8f81fd5c                get_table_entry_name
                0x8f81fd9c                genimg_get_os_name
                0x8f81fdbc                genimg_get_arch_name
                0x8f81fddc                genimg_get_type_name
                0x8f81fdfc                genimg_get_comp_name
                0x8f81fe1c                genimg_get_image
                0x8f81fe20                genimg_has_config
                0x8f81fe28                get_table_entry_id
                0x8f81fe7c                genimg_get_comp_id
                0x8f81fe9c                genimg_get_type_id
                0x8f81febc                genimg_get_arch_id
                0x8f81fedc                genimg_get_os_id
                0x8f81fefc                genimg_get_format
                0x8f81ff30                image_multi_getimg
                0x8f81fff0                genimg_print_size
                0x8f820020                memmove_wd
                0x8f820034                getenv_bootm_low
                0x8f820068                getenv_yesno
                0x8f820090                getenv_bootm_size
                0x8f8200c4                image_check_hcrc
                0x8f820128                image_check_dcrc
                0x8f820188                image_print_contents
                0x8f820360                boot_get_ramdisk
 .text          0x8f8205fc      0xd30 common/libcommon.a(kgdb.o)
                0x8f8206c0                do_kgdb
                0x8f8206f8                breakpoint
                0x8f820858                kgdb_output_string
                0x8f820894                kgdb_error
                0x8f8208c0                kgdb_init
 .text          0x8f82132c       0x40 common/libcommon.a(kgdb_stubs.o)
                0x8f82132c                kgdb_flush_cache_all
                0x8f82135c                kgdb_flush_cache_range
 .text          0x8f82136c      0xf3c common/libcommon.a(lcd_aml.o)
                0x8f821514                lcd_setmem
                0x8f821700                lcd_display_bitmap
                0x8f821b78                lcd_drawchars
                0x8f821dac                lcd_init
                0x8f821e90                drv_lcd_init
                0x8f821f00                lcd_putc
                0x8f822104                lcd_puts_line
                0x8f8221a0                lcd_printf
                0x8f822260                lcd_puts
 .text          0x8f8222a8      0xb1c common/libcommon.a(main.o)
                0x8f8222a8                __show_boot_progress
                0x8f8222a8                show_boot_progress
                0x8f8222ac                parse_line
                0x8f822364                do_run
                0x8f8223e8                run_command
                0x8f8229e8                readline_into_buffer
                0x8f822c54                readline
                0x8f822c70                main_loop
 .text          0x8f822dc4      0x2f0 common/libcommon.a(s_record.o)
                0x8f822e4c                srec_decode
 .text          0x8f8230b4      0x188 common/libcommon.a(stdio.o)
                0x8f8230b4                stdio_get_list
                0x8f8230c0                stdio_clone
                0x8f823110                stdio_register
                0x8f823154                stdio_init
                0x8f8231e0                stdio_get_by_name
 .text          0x8f82323c     0x1990 common/libcommon.a(usb.o)
                0x8f82323c                usb_disable_asynch
                0x8f823254                usb_maxpacket
                0x8f823310                usb_set_maxpacket
                0x8f823394                usb_get_dev_index
                0x8f8233cc                usb_hub_reset
                0x8f8233e0                usb_hub_allocate
                0x8f82342c                usb_alloc_new_device
                0x8f8234e0                usb_parse_config
                0x8f82367c                usb_submit_int_msg
                0x8f823698                usb_stop
                0x8f8236e4                wait_ms
                0x8f823708                usb_bulk_msg
                0x8f82377c                usb_control_msg
                0x8f82389c                usb_get_port_status
                0x8f8238f4                usb_get_hub_status
                0x8f823948                usb_set_port_feature
                0x8f8239fc                usb_clear_port_feature
                0x8f823b38                usb_clear_hub_feature
                0x8f823b8c                usb_get_hub_descriptor
                0x8f823be8                usb_get_string
                0x8f823da0                usb_string
                0x8f823ec8                usb_get_class_descriptor
                0x8f823f2c                usb_get_report
                0x8f823f90                usb_set_idle
                0x8f823fec                usb_set_protocol
                0x8f824044                usb_set_configuration
                0x8f8240b4                usb_set_interface
                0x8f824198                usb_set_address
                0x8f8241dc                usb_get_descriptor
                0x8f824238                usb_get_configuration_no
                0x8f8242e4                usb_clear_halt
                0x8f824394                usb_hub_port_connect_change
                0x8f8244cc                usb_hub_configure
                0x8f824724                usb_hub_probe
                0x8f8247a4                usb_new_device
                0x8f824aa8                usb_scan_devices
                0x8f824b30                usb_init
 .text          0x8f824bcc     0x185c common/libcommon.a(usb_storage.o)
                0x8f824bcc                usb_stor_get_dev
                0x8f824c1c                usb_show_progress
                0x8f824d14                usb_stor_get_info
                0x8f824fdc                usb_storage_probe
                0x8f82526c                usb_stor_BBB_clear_endpt_stall
                0x8f82548c                usb_stor_write
                0x8f825708                usb_stor_read
                0x8f825984                usb_stor_scan
                0x8f825af8                usb_stor_CB_comdat
                0x8f825d5c                usb_stor_BBB_comdat
                0x8f825e40                usb_stor_BBB_transport
                0x8f8260a0                usb_stor_CBI_get_status
                0x8f82619c                usb_stor_CB_transport
                0x8f8263b0                usb_stor_info
 .text          0x8f826428      0xb74 common/libcommon.a(xyzModem.o)
                0x8f826428                parse_num
                0x8f826598                xyzModem_error
                0x8f826634                xyzModem_stream_close
                0x8f826690                CYGACC_COMM_IF_PUTC
                0x8f8266a0                CYGACC_COMM_IF_GETC_TIMEOUT
                0x8f82672c                xyzModem_stream_terminate
                0x8f826b70                xyzModem_stream_read
                0x8f826e14                xyzModem_stream_open
 .text          0x8f826f9c     0x1d94 board/amlogic/8726m_mid_refb04/lib8726m_mid_refb04.a(8726m_mid_refb04.o)
                0x8f827038                ISO_88591_20GetCharacterFontBit
                0x8f82713c                ISO_88591_24GetCharacterFontBit
                0x8f827310                misc_init_r
                0x8f827318                set_muxconf_regs
                0x8f82731c                get_board_rev
                0x8f827338                touch_init
                0x8f82733c                key_init
                0x8f827344                get_gpio_key
                0x8f82734c                get_special_key
                0x8f8273d0                boot_autoscript
                0x8f82748c                logo_show_n
                0x8f82750c                logo_show
                0x8f82751c                display_messge
                0x8f82754c                oem_show_engineering_board
                0x8f827584                image_check_name
                0x8f827628                oem_check_img
                0x8f827884                get_adc_key
                0x8f827940                oem_getc
                0x8f827a5c                oem_wait_key_idle
                0x8f827bb0                oem_get_key_pressed
                0x8f827d1c                prepare_update
                0x8f827e80                oem_determinate_upgrade
                0x8f828150                oem_get_key_release
                0x8f828170                switch_boot_mode
                0x8f828bec                board_mmc_init
                0x8f828d04                board_init
 .text          0x8f828d30      0x47c board/amlogic/8726m_mid_refb04/lib8726m_mid_refb04.a(lcd.o)
                0x8f828d30                video_dac_enable
                0x8f828d50                video_dac_disable
                0x8f828f4c                power_off_backlight
                0x8f828f90                power_on_backlight
                0x8f829088                lcd_disable
                0x8f82909c                osd_hw_setup
                0x8f82910c                lcd_enable
 .text          0x8f8291ac      0x40c board/amlogic/8726m_mid_refb04/lib8726m_mid_refb04.a(saradc.o)
                0x8f8291ac                saradc_enable
                0x8f8293a0                saradc_disable
                0x8f8293c8                get_adc_sample
 .text          0x8f8295b8      0x278 board/amlogic/8726m_mid_refb04/lib8726m_mid_refb04.a(powerkey.o)
                0x8f8295b8                powerkey_init
                0x8f8295f0                powerkey_scan
                0x8f829634                power_unhold
                0x8f829704                power_hold
 .text          0x8f829830      0xe78 board/amlogic/8726m_mid_refb04/lib8726m_mid_refb04.a(upgrade.o)
                0x8f829830                upgrade_env
                0x8f829920                start_kernel
                0x8f829aa4                upgrade_boot
                0x8f829f0c                upgrade_logo
                0x8f82a1c4                upgrade_image
                0x8f82a4cc                get_logo_file
 .text          0x8f82a6a8      0x234 board/amlogic/8726m_mid_refb04/lib8726m_mid_refb04.a(battery_charging.o)
                0x8f82a6a8                ac_connected
                0x8f82a6bc                get_bat_capacity
 .text          0x8f82a8dc      0x338 board/amlogic/8726m_mid_refb04/lib8726m_mid_refb04.a(debug.o)
                0x8f82a8dc                determinate_load
                0x8f82a938                debug_image
 .text          0x8f82ac14       0x4c lib/libgeneric.a(crc16.o)
                0x8f82ac14                cyg_crc16
 .text          0x8f82ac60      0x108 lib/libgeneric.a(crc32.o)
                0x8f82ac60                crc32_no_comp
                0x8f82ad48                crc32
                0x8f82ad5c                crc32_wd
 .text          0x8f82ad68        0x0 lib/libgeneric.a(ctype.o)
 .text          0x8f82ad68      0x3c0 lib/libgeneric.a(display_options.o)
                0x8f82ad68                print_size
                0x8f82af14                display_options
                0x8f82af34                print_buffer
 .text          0x8f82b128      0x11c lib/libgeneric.a(div64.o)
                0x8f82b128                __div64_32
 .text          0x8f82b244      0x1f0 lib/libgeneric.a(gunzip.o)
                0x8f82b244                zunzip
                0x8f82b33c                gunzip
                0x8f82b40c                zfree
                0x8f82b41c                zalloc
 .text          0x8f82b434       0x8c lib/libgeneric.a(net_utils.o)
                0x8f82b434                string_to_ip
 .text          0x8f82b4c0      0x734 lib/libgeneric.a(string.o)
                0x8f82b4c0                strcpy
                0x8f82b4dc                strncpy
                0x8f82b504                strcat
                0x8f82b53c                strncat
                0x8f82b5a4                strcmp
                0x8f82b5d4                strncmp
                0x8f82b650                strchr
                0x8f82b68c                strlen
                0x8f82b6b0                strrchr
                0x8f82b6e8                strnlen
                0x8f82b730                strspn
                0x8f82b7a0                strpbrk
                0x8f82b808                strtok
                0x8f82b894                strsep
                0x8f82b8cc                strswab
                0x8f82b920                memset
                0x8f82b998                bcopy
                0x8f82b9c4                memcpy
                0x8f82ba40                memmove
                0x8f82ba94                memcmp
                0x8f82bae4                memscan
                0x8f82bb18                strstr
                0x8f82bb88                memchr
                0x8f82bbb4                strdup
 .text          0x8f82bbf4      0x10c lib/libgeneric.a(time.o)
                0x8f82bbf4                udelay
                0x8f82bc24                tick_delay
                0x8f82bc88                sdelay
                0x8f82bcdc                mdelay
 .text          0x8f82bd00     0x10a4 lib/libgeneric.a(vsprintf.o)
                0x8f82bd00                simple_strtoul
                0x8f82bdf0                simple_strtol
                0x8f82be18                ustrtoul
                0x8f82bf0c                simple_strtoull
                0x8f82c070                panic
                0x8f82c6c0                vsprintf
                0x8f82cd78                sprintf
 .text          0x8f82cda4     0x2e3c lib/libgeneric.a(zlib.o)
                0x8f82cda4                inflate_fast
                0x8f82d454                inflate_table
                0x8f82dae0                inflateReset
                0x8f82db78                inflateInit2_
                0x8f82dc90                inflateInit_
                0x8f82dcac                inflateEnd
                0x8f82dd30                adler32
                0x8f82e084                zcfree
                0x8f82e094                zcalloc
                0x8f82e0a4                inflate
 .text          0x8f82fbe0      0x110 lib/lzma/liblzma.a(LzmaTools.o)
                0x8f82fbe0                lzmaBuffToBuffDecompress
 .text          0x8f82fcf0     0x1f44 lib/lzma/liblzma.a(LzmaDec.o)
                0x8f8312d4                LzmaDec_InitDicAndState
                0x8f831314                LzmaDec_Init
                0x8f831330                LzmaDec_FreeProbs
                0x8f831378                LzmaDec_Free
                0x8f831398                LzmaProps_Decode
                0x8f8314a8                LzmaDec_AllocateProbs
                0x8f831500                LzmaDec_Allocate
                0x8f8315b4                LzmaDec_DecodeToDic
                0x8f831a2c                LzmaDecode
                0x8f831b04                LzmaDec_DecodeToBuf
 .text          0x8f831c34      0x830 lib/lzo/liblzo.a(lzo1x_decompress.o)
                0x8f831c34                lzo1x_decompress_safe
                0x8f8322c0                lzop_decompress
 .text          0x8f832464       0x90 arch/arm/cpu/aml_meson/m1/libm1.a(timer.o)
                0x8f832464                timer_init
                0x8f832484                get_timer
                0x8f832498                set_timer
                0x8f8324b0                reset_timer
                0x8f8324c0                __udelay
 .text          0x8f8324f4       0x18 arch/arm/cpu/aml_meson/m1/libm1.a(soc.o)
                0x8f8324f4                reset_cpu
 .text          0x8f83250c       0x2c arch/arm/cpu/aml_meson/m1/libm1.a(board.o)
                0x8f83250c                dram_init
 .text          0x8f832538      0x19c arch/arm/cpu/aml_meson/m1/libm1.a(sdio.o)
                0x8f832538                cpu_sdio_get
                0x8f832568                cpu_sdio_init
 .text          0x8f8326d4      0x3b0 arch/arm/cpu/aml_meson/m1/libm1.a(serial.o)
                0x8f8326d4                serial_set_pin_port
                0x8f8326d4                __serial_set_pin_port
                0x8f832724                serial_putc_port
                0x8f832780                serial_tstc_port
                0x8f8327a4                serial_getc_port
                0x8f832810                serial_puts_port
                0x8f832840                serial_putdata_port
                0x8f83287c                serial_putc
                0x8f832890                serial_tstc
                0x8f8328a0                serial_getc
                0x8f8328b0                serial_puts
                0x8f8328c4                serial_putdata
                0x8f8328e0                getDebugChar
                0x8f8328f0                putDebugChar
                0x8f832904                putDebugStr
                0x8f832918                serial_setbrg_port
                0x8f83296c                serial_setbrg
                0x8f83297c                serial_init_port
                0x8f832a64                kgdb_serial_init
                0x8f832a74                serial_init
 .text          0x8f832a84      0x110 arch/arm/cpu/aml_meson/m1/libm1.a(clock.o)
                0x8f832a84                get_cpu_clk
                0x8f832a98                clk_util_clk_msr
                0x8f832b14                get_clk81
 .text          0x8f832b94      0x30c arch/arm/cpu/aml_meson/m1/libm1.a(pinmux.o)
                0x8f832b94                clear_mio_mux
                0x8f832c14                set_mio_mux
                0x8f832c94                clearall_pinmux
                0x8f832cbc                eth_clearall_pinmux
                0x8f832cf0                eth_set_pinmux
 .text          0x8f832ea0      0x254 arch/arm/cpu/aml_meson/m1/libm1.a(gpio.o)
                0x8f832ea0                set_gpio_mode
                0x8f832edc                get_gpio_mode
                0x8f832f08                set_gpio_val
                0x8f832f4c                get_gpio_val
                0x8f832f7c                gpio_enable_edge_int
                0x8f832fdc                gpio_enable_level_int
                0x8f833030                gpio_enable_int_filter
                0x8f833050                gpio_is_valid
                0x8f833058                gpio_request
                0x8f833060                gpio_free
                0x8f833064                gpio_direction_input
                0x8f833084                gpio_direction_output
                0x8f8330bc                gpio_set_value
                0x8f8330dc                gpio_get_value
 .text          0x8f8330f4      0x570 arch/arm/cpu/aml_meson/m1/libm1.a(tcon.o)
                0x8f833174                tcon_remove
                0x8f8335a8                tcon_probe
 .text          0x8f833664      0x7b8 arch/arm/cpu/aml_meson/m1/libm1.a(osd_hw.o)
                0x8f8338dc                osd_init_hw
                0x8f833a04                osd_setup
 .text          0x8f833e1c      0x220 arch/arm/cpu/aml_meson/m1/libm1.a(canvas.o)
                0x8f833e1c                canvas_config
                0x8f833ea4                canvas_read
                0x8f833edc                canvas_copy
                0x8f833fac                canvas_update_addr
                0x8f834028                canvas_get_addr
 .text          0x8f83403c      0x348 arch/arm/lib/libarm.a(bootm.o)
                0x8f83403c                setup_revision_tag
                0x8f834084                do_bootm_linux
 .text          0x8f834384       0x2c arch/arm/lib/libarm.a(reset.o)
                0x8f834384                do_reset
 .text          0x8f8343b0      0x37c arch/arm/lib/libarm.a(kgdb.o)
                0x8f8343b0                kgdb_breakpoint
                0x8f8343b8                kgdb_setjmp
                0x8f8343d4                kgdb_longjmp
                0x8f8343e8                kgdb_trap
                0x8f8343f0                kgdb_enter
                0x8f83440c                kgdb_exit
                0x8f834410                kgdb_interruptible
                0x8f834414                arch_kgdb_remove_sw_break
                0x8f834430                arch_kgdb_set_sw_break
                0x8f834458                kgdb_putregs
                0x8f834510                kgdb_putreg
                0x8f834664                kgdb_getregs
 .text          0x8f83472c     0x1758 fs/fat/libfat.a(fat.o)
                0x8f834760                disk_read
                0x8f834bf4                file_fat_detectfs
                0x8f8350e4                do_fat_read
                0x8f835c40                file_fat_read
                0x8f835c78                file_fat_ls
                0x8f835c90                fat_register_device
 .text          0x8f835e84     0x102c fs/ext2/libext2fs.a(ext2fs.o)
                0x8f835f84                ext2fs_mount
                0x8f836054                ext2fs_free_node
                0x8f83607c                ext2fs_close
                0x8f836168                ext2fs_read_file
                0x8f8366b4                ext2fs_read
                0x8f836a34                ext2fs_find_file1
                0x8f836cec                ext2fs_find_file
                0x8f836d74                ext2fs_open
                0x8f836e28                ext2fs_ls
 .text          0x8f836eb0      0x274 fs/ext2/libext2fs.a(dev.o)
                0x8f836eb0                ext2fs_devread
                0x8f8370bc                ext2fs_set_blk_dev
 .text          0x8f837124     0x10a4 fs/ubifs/libubifs.a(ubifs.o)
                0x8f83713c                ubifs_compressors_init
                0x8f8375c4                ubifs_ls
                0x8f837c58                ubifs_decompress
                0x8f837e70                ubifs_load
 .text          0x8f8381c8     0x15e8 fs/ubifs/libubifs.a(super.o)
                0x8f838290                ubifs_iput
                0x8f8382bc                iget_locked
                0x8f838308                ubifs_umount
                0x8f83838c                ubifs_init
                0x8f838398                iput
                0x8f838424                ubifs_iget
                0x8f83889c                sget
                0x8f8396d0                ubifs_mount
 .text          0x8f8397b0      0x8e0 fs/ubifs/libubifs.a(sb.o)
                0x8f839844                ubifs_read_sb_node
                0x8f8398b8                ubifs_read_superblock
 .text          0x8f83a090      0xca0 fs/ubifs/libubifs.a(master.o)
                0x8f83a090                ubifs_read_master
 .text          0x8f83ad30     0x180c fs/ubifs/libubifs.a(lpt.o)
                0x8f83ad30                ubifs_unpack_bits
                0x8f83ae88                ubifs_add_lpt_dirt
                0x8f83aebc                ubifs_add_nnode_dirt
                0x8f83b094                ubifs_lpt_init
                0x8f83b2c0                ubifs_unpack_nnode
                0x8f83b38c                ubifs_read_nnode
                0x8f83b5d8                ubifs_get_nnode
                0x8f83b618                ubifs_get_pnode
                0x8f83bac8                ubifs_lpt_lookup
                0x8f83bb7c                ubifs_calc_lpt_geom
                0x8f83c314                ubifs_lpt_lookup_dirty
 .text          0x8f83c53c      0x294 fs/ubifs/libubifs.a(lpt_commit.o)
                0x8f83c53c                ubifs_lpt_free
 .text          0x8f83c7d0      0x5c0 fs/ubifs/libubifs.a(scan.o)
                0x8f83c7d0                ubifs_end_scan
                0x8f83c7ec                ubifs_scan_destroy
                0x8f83c838                ubifs_scanned_corruption
                0x8f83c868                ubifs_add_snod
                0x8f83c948                ubifs_start_scan
                0x8f83ca20                ubifs_scan_a_node
                0x8f83cbb0                ubifs_scan
 .text          0x8f83cd90      0xb58 fs/ubifs/libubifs.a(lprops.o)
                0x8f83cff4                ubifs_add_to_cat
                0x8f83d2b8                ubifs_replace_cat
                0x8f83d31c                ubifs_categorize_lprops
                0x8f83d3b8                ubifs_ensure_cat
                0x8f83d428                ubifs_fast_find_free
                0x8f83d448                ubifs_fast_find_empty
                0x8f83d46c                ubifs_fast_find_freeable
                0x8f83d488                ubifs_fast_find_frdi_idx
                0x8f83d4ac                ubifs_read_one_lp
                0x8f83d4dc                ubifs_get_lp_stats
                0x8f83d4fc                ubifs_change_lp
                0x8f83d81c                ubifs_update_one_lp
                0x8f83d884                ubifs_change_one_lp
 .text          0x8f83d8e8     0x2f68 fs/ubifs/libubifs.a(tnc.o)
                0x8f83db34                destroy_old_idx
                0x8f83e1dc                insert_old_idx_znode
                0x8f83e274                ubifs_lookup_level0
                0x8f83e428                ubifs_tnc_next_ent
                0x8f83e55c                ubifs_tnc_get_bu_keys
                0x8f83edd8                ubifs_tnc_locate
                0x8f83ef14                ubifs_tnc_lookup_nm
                0x8f83efec                ubifs_tnc_bulk_read
                0x8f83fc00                ubifs_tnc_add
                0x8f83fcb8                ubifs_tnc_replace
                0x8f840230                ubifs_tnc_remove
                0x8f840274                ubifs_tnc_remove_range
                0x8f840474                ubifs_tnc_remove_nm
                0x8f840538                ubifs_tnc_remove_ino
                0x8f8406ac                ubifs_tnc_add_nm
 .text          0x8f840850      0x7e0 fs/ubifs/libubifs.a(tnc_misc.o)
                0x8f840850                ubifs_search_zbranch
                0x8f8408e4                ubifs_tnc_read_node
                0x8f840974                ubifs_load_znode
                0x8f840d68                ubifs_tnc_postorder_first
                0x8f840ddc                ubifs_tnc_postorder_next
                0x8f840e54                ubifs_tnc_levelorder_next
 .text          0x8f841030       0x44 fs/ubifs/libubifs.a(crc16.o)
                0x8f841030                crc16
 .text          0x8f841074      0x124 fs/ubifs/libubifs.a(budget.o)
                0x8f841074                ubifs_reported_space
                0x8f8410fc                ubifs_calc_min_idx_lebs
 .text          0x8f841198      0x50c fs/ubifs/libubifs.a(orphan.o)
                0x8f841198                ubifs_clear_orphans
                0x8f841230                ubifs_mount_orphans
 .text          0x8f8416a4     0x16e4 fs/ubifs/libubifs.a(recovery.o)
                0x8f8417e8                ubifs_recover_size
                0x8f841a4c                ubifs_recover_size_accum
                0x8f841c18                ubifs_recover_leb
                0x8f842174                ubifs_write_rcvrd_mst_node
                0x8f842564                ubifs_recover_master_node
                0x8f842750                ubifs_recover_log_leb
                0x8f842b00                ubifs_recover_inl_heads
                0x8f842b3c                ubifs_clean_lebs
 .text          0x8f842d88     0x147c fs/ubifs/libubifs.a(replay.o)
                0x8f842ed0                ubifs_validate_entry
                0x8f84301c                ubifs_replay_journal
 .text          0x8f844204      0x618 fs/ubifs/libubifs.a(io.o)
                0x8f844204                ubifs_ro_mode
                0x8f844248                ubifs_check_node
                0x8f84444c                ubifs_read_node
                0x8f8445a0                ubifs_pad
                0x8f844698                ubifs_prepare_node
 .text          0x8f84481c       0xfc fs/ubifs/libubifs.a(log.o)
                0x8f84481c                ubifs_search_bud
                0x8f84485c                ubifs_add_bud
 .text          0x8f844918      0x3c8 disk/libdisk.a(part.o)
                0x8f844918                print_part
                0x8f844a14                dev_print
                0x8f844c34                get_partition_info
                0x8f844c58                init_part
                0x8f844c78                get_dev
 .text          0x8f844ce0      0x5d4 disk/libdisk.a(part_dos.o)
                0x8f844ce0                test_part_dos
                0x8f845008                get_partition_info_dos
                0x8f845288                print_part_dos
 .text          0x8f8452b4      0xb08 drivers/mmc/libmmc.a(aml_sd_mmc.o)
                0x8f8452b4                dump_sdio_reg
                0x8f845308                aml_sd_send_cmd
                0x8f845c24                aml_sd_cfg_swth
                0x8f845c98                aml_sd_init
 .text          0x8f845dbc      0x22c drivers/mtd/libmtd.a(mtdcore.o)
                0x8f845dbc                get_mtd_device
                0x8f845e34                del_mtd_device
                0x8f845e90                put_mtd_device
                0x8f845ed8                add_mtd_device
                0x8f845f74                get_mtd_device_nm
 .text          0x8f845fe8      0xfc8 drivers/mtd/libmtd.a(mtdpart.o)
                0x8f846328                mtd_erase_callback
                0x8f8466b8                del_mtd_partitions
                0x8f84674c                add_mtd_partitions
 .text          0x8f846fb0     0x1ce4 drivers/mtd/nand/libnand.a(nand_util.o)
                0x8f84704c                nand_write_skip_bad
                0x8f8474e8                nand_raw_read_nand_dev
                0x8f847840                nand_erase_opts
                0x8f847c34                nand_boot_write
                0x8f847d40                nand_rom_read
                0x8f847f7c                nand_rom_write
                0x8f848230                romboot_nand_write
                0x8f8486d4                nand_read_skip_bad
                0x8f848bf0                nand_boot_read
 .text          0x8f848c94      0xe20 drivers/mtd/ubi/libubi.a(build.o)
                0x8f848c94                ubi_get_device
                0x8f848cb8                ubi_put_device
                0x8f848cc8                ubi_get_by_major
                0x8f848d34                ubi_major2num
                0x8f848d94                ubi_mtd_param_parse
                0x8f848ffc                ubi_detach_mtd_dev
                0x8f8490cc                ubi_exit
                0x8f849118                ubi_attach_mtd_dev
                0x8f8498f4                ubi_init
 .text          0x8f849ab4     0x112c drivers/mtd/ubi/libubi.a(vtbl.o)
                0x8f84a1d0                ubi_read_volume_table
                0x8f84aaf8                ubi_change_vtbl_record
 .text          0x8f84abe0      0xa54 drivers/mtd/ubi/libubi.a(vmt.o)
                0x8f84abe0                ubi_free_volume
                0x8f84abf4                ubi_add_volume
                0x8f84ac5c                ubi_resize_volume
                0x8f84af70                ubi_remove_volume
                0x8f84b0b4                ubi_create_volume
 .text          0x8f84b634      0x834 drivers/mtd/ubi/libubi.a(upd.o)
                0x8f84b634                ubi_more_leb_change_data
                0x8f84b934                ubi_more_update_data
                0x8f84bbe0                ubi_start_leb_change
                0x8f84bccc                ubi_start_update
 .text          0x8f84be68      0x8f4 drivers/mtd/ubi/libubi.a(kapi.o)
                0x8f84be68                ubi_get_volume_info
                0x8f84bee4                ubi_is_mapped
                0x8f84bf34                ubi_leb_map
                0x8f84bfe8                ubi_leb_write
                0x8f84c0e8                ubi_leb_unmap
                0x8f84c15c                ubi_leb_erase
                0x8f84c1e0                ubi_leb_change
                0x8f84c2cc                ubi_leb_read
                0x8f84c404                ubi_close_volume
                0x8f84c470                ubi_get_device_info
                0x8f84c4d0                ubi_open_volume
                0x8f84c680                ubi_open_volume_nm
 .text          0x8f84c75c     0x1d88 drivers/mtd/ubi/libubi.a(eba.o)
                0x8f84c808                ubi_eba_close
                0x8f84c898                ubi_eba_init_scan
                0x8f84cd0c                ubi_eba_copy_leb
                0x8f84d118                ubi_eba_unmap_leb
                0x8f84d194                ubi_eba_read_leb
                0x8f84d444                ubi_eba_write_leb_st
                0x8f84d8e4                ubi_eba_write_leb
                0x8f84e08c                ubi_eba_atomic_leb_change
 .text          0x8f84e4e4      0xed8 drivers/mtd/ubi/libubi.a(io.o)
                0x8f84e530                ubi_io_mark_bad
                0x8f84e5b8                ubi_io_is_bad
                0x8f84e618                ubi_io_write
                0x8f84e6b8                ubi_io_write_vid_hdr
                0x8f84e760                ubi_io_write_ec_hdr
                0x8f84e874                ubi_io_read
                0x8f84e97c                ubi_io_read_vid_hdr
                0x8f84edc0                ubi_io_read_ec_hdr
                0x8f84f1dc                ubi_io_sync_erase
 .text          0x8f84f3bc     0x1558 drivers/mtd/ubi/libubi.a(wl.o)
                0x8f84f528                ubi_wl_close
                0x8f84f7ec                ubi_wl_flush
                0x8f84f81c                ubi_thread
                0x8f84fa08                ubi_wl_init_scan
                0x8f850154                ubi_wl_scrub_peb
                0x8f850250                ubi_wl_put_peb
                0x8f850784                ubi_wl_get_peb
 .text          0x8f850914     0x17d0 drivers/mtd/ubi/libubi.a(scan.o)
                0x8f850914                ubi_scan_find_sv
                0x8f850968                ubi_scan_find_seb
                0x8f8509bc                ubi_scan_destroy_si
                0x8f850dfc                ubi_scan_rm_volume
                0x8f850e6c                ubi_scan_add_used
                0x8f85178c                ubi_scan
                0x8f851eac                ubi_scan_erase_peb
                0x8f851fb8                ubi_scan_get_free_peb
 .text          0x8f8520e4       0xf0 drivers/mtd/ubi/libubi.a(crc32.o)
                0x8f8520e4                crc32_le
 .text          0x8f8521d4      0x144 drivers/mtd/ubi/libubi.a(misc.o)
                0x8f8521d4                ubi_calc_data_len
                0x8f85221c                ubi_calculate_reserved
                0x8f85224c                ubi_check_volume
 .text          0x8f852318      0x468 drivers/mtd/spi/libspi_flash.a(spi_flash_aml.o)
                0x8f852318                spi_flash_free
                0x8f852334                spi_flash_adr_write
                0x8f852384                spi_flash_cmd
                0x8f852444                spi_flash_probe
                0x8f852560                spi_flash_read_aml
                0x8f852694                spi_flash_write_aml
 .text          0x8f852780      0x2b8 drivers/mtd/spi/libspi_flash.a(macronix.o)
                0x8f852780                spi_flash_probe_mxic
                0x8f8528f4                mxic_erase
 .text          0x8f852a38      0x27c drivers/mtd/spi/libspi_flash.a(sst.o)
                0x8f852a38                spi_flash_probe_sst
                0x8f852b70                sst_erase
 .text          0x8f852cb4      0x2b8 drivers/mtd/spi/libspi_flash.a(winbond.o)
                0x8f852cb4                spi_flash_probe_winbond
                0x8f852e28                winbond_erase
 .text          0x8f852f6c      0x2cc drivers/spi/libspi.a(amlogic_spi_a.o)
                0x8f852f6c                spi_cs_is_valid
                0x8f852f74                spi_cs_activate
                0x8f852f78                spi_cs_deactivate
                0x8f852f7c                spi_init
                0x8f852f94                spi_claim_bus
                0x8f852fc0                spi_release_bus
                0x8f852fd8                spi_xfer
                0x8f8531f0                spi_free_slave
                0x8f8531fc                spi_setup_slave
 .text          0x8f853238     0x133c drivers/usb/host/libusb_host.a(dwc_otg_hcd.o)
                0x8f853238                dwc_udelay
                0x8f85323c                dwc_otg_enable_global_interrupts
                0x8f8532ac                dwc_otg_disable_host_interrupts
                0x8f8532c8                dwc_otg_hcd_stop
                0x8f853300                submit_int_msg
                0x8f853324                dwc_otg_enable_host_interrupts
                0x8f853354                usb_lowlevel_stop
                0x8f853380                dwc_otg_flush_rx_fifo
                0x8f853410                dwc_otg_flush_tx_fifo
                0x8f853494                dwc_otg_core_host_init
                0x8f853698                dwc_otg_core_reset
                0x8f853768                dwc_otg_core_init
                0x8f853a50                dwc_otg_hc_cleanup
                0x8f853a84                usb_lowlevel_init
                0x8f85428c                submit_bulk_msg
                0x8f8543c8                submit_control_msg
 .text          0x8f854574      0x730 common/libcommon.a(devfont.o)
                0x8f854574                is_rect_invalid
                0x8f8545b4                RegisterFont
                0x8f85465c                UnregisterFont
                0x8f854710                GetCharWidth
                0x8f85473c                GetCharHeight
                0x8f854750                SetFont
                0x8f8547d0                GetTextSize
                0x8f8548a8                DrawRect
                0x8f854958                DrawPixel
                0x8f8549b0                DrawFont
                0x8f854acc                ClearLine
                0x8f854b5c                DrawText
                0x8f854c44                AsciiPrintf
 .text          0x8f854ca4      0x7cc lib/libgeneric.a(rbtree.o)
                0x8f854db4                rb_insert_color
                0x8f854f14                rb_erase
                0x8f855304                rb_first
                0x8f855324                rb_last
                0x8f855344                rb_next
                0x8f8553a0                rb_prev
                0x8f8553fc                rb_replace_node
 .text          0x8f855470       0x24 arch/arm/cpu/aml_meson/libaml_meson.a(cpu.o)
                0x8f855470                cleanup_before_linux
 .text          0x8f855494      0x254 arch/arm/cpu/aml_meson/m1/libm1.a(usb.o)
                0x8f855494                set_usb_phy_reset
                0x8f855580                board_usb_stop
                0x8f8555a0                board_usb_init
                0x8f8555b0                set_usb_phy_clock
                0x8f8556a4                board_usb_start
 .text          0x8f8556e8      0x114 /opt/toolchains/arm-mlogic/bin/../lib/gcc/arm-none-eabi/4.4.1/libgcc.a(_udivsi3.o)
                0x8f8556e8                __udivsi3
                0x8f8556e8                __aeabi_uidiv
                0x8f8557dc                __aeabi_uidivmod
 .text          0x8f8557fc      0x148 /opt/toolchains/arm-mlogic/bin/../lib/gcc/arm-none-eabi/4.4.1/libgcc.a(_divsi3.o)
                0x8f8557fc                __aeabi_idiv
                0x8f8557fc                __divsi3
                0x8f855924                __aeabi_idivmod
 .text          0x8f855944        0x4 /opt/toolchains/arm-mlogic/bin/../lib/gcc/arm-none-eabi/4.4.1/libgcc.a(_dvmd_tls.o)
                0x8f855944                __aeabi_ldiv0
                0x8f855944                __aeabi_idiv0
 .text          0x8f855948       0x1c /opt/toolchains/arm-mlogic/bin/../lib/gcc/arm-none-eabi/4.4.1/libgcc.a(_lshrdi3.o)
                0x8f855948                __aeabi_llsr
                0x8f855948                __lshrdi3
 .text          0x8f855964       0x1c /opt/toolchains/arm-mlogic/bin/../lib/gcc/arm-none-eabi/4.4.1/libgcc.a(_ashldi3.o)
                0x8f855964                __ashldi3
                0x8f855964                __aeabi_llsl
 .text          0x8f855980       0x44 /opt/toolchains/arm-mlogic/bin/../lib/gcc/arm-none-eabi/4.4.1/libgcc.a(_aeabi_ldivmod.o)
                0x8f855980                __aeabi_ldivmod
 .text          0x8f8559c4       0x3c /opt/toolchains/arm-mlogic/bin/../lib/gcc/arm-none-eabi/4.4.1/libgcc.a(_aeabi_uldivmod.o)
                0x8f8559c4                __aeabi_uldivmod
 .text          0x8f855a00       0x88 /opt/toolchains/arm-mlogic/bin/../lib/gcc/arm-none-eabi/4.4.1/libgcc.a(bpabi.o)
                0x8f855a00                __gnu_uldivmod_helper
                0x8f855a44                __gnu_ldivmod_helper
 .text          0x8f855a88      0x490 /opt/toolchains/arm-mlogic/bin/../lib/gcc/arm-none-eabi/4.4.1/libgcc.a(_divdi3.o)
                0x8f855a88                __divdi3
 .text          0x8f855f18      0x43c /opt/toolchains/arm-mlogic/bin/../lib/gcc/arm-none-eabi/4.4.1/libgcc.a(_udivdi3.o)
                0x8f855f18                __udivdi3
 .text          0x8f856354       0x48 /opt/toolchains/arm-mlogic/bin/../lib/gcc/arm-none-eabi/4.4.1/libgcc.a(_clzsi2.o)
                0x8f856354                __clzsi2

.glue_7         0x8f85639c        0x0
 .glue_7        0x00000000        0x0 linker stubs

.glue_7t        0x8f85639c        0x0
 .glue_7t       0x00000000        0x0 linker stubs

.vfp11_veneer   0x8f85639c        0x0
 .vfp11_veneer  0x00000000        0x0 linker stubs

.v4_bx          0x8f85639c        0x0
 .v4_bx         0x00000000        0x0 linker stubs
                0x8f85639c                . = ALIGN (0x4)

.rodata         0x8f85639c    0x13adc
 *(SORT(.rodata*))
 .rodata        0x8f85639c       0x34 arch/arm/lib/libarm.a(board.o)
                0x8f85639c                version_string
 .rodata        0x8f8563d0       0x80 arch/arm/lib/libarm.a(interrupts.o)
 .rodata        0x8f856450      0x184 drivers/i2c/libi2c.a(aml_i2c.o)
                0x8f85659c                aml_i2c_reg_start
 .rodata        0x8f8565d4       0x64 drivers/mmc/libmmc.a(mmc.o)
 .rodata        0x8f856638       0x74 drivers/mtd/nand/libnand.a(aml_nand.o)
 .rodata        0x8f8566ac       0x5c drivers/mtd/nand/libnand.a(nand_base.o)
 .rodata        0x8f856708      0x100 drivers/mtd/nand/libnand.a(nand_ecc.o)
 .rodata        0x8f856808       0x40 drivers/rtc/librtc.a(rtc-lib.o)
 .rodata        0x8f856848       0x4c common/libcommon.a(cmd_bootm.o)
 .rodata        0x8f856894       0x44 common/libcommon.a(cmd_mtdparts.o)
 .rodata        0x8f8568d8       0x18 common/libcommon.a(cmd_nvedit.o)
 .rodata        0x8f8568f0       0x24 common/libcommon.a(cmd_ubi.o)
 .rodata        0x8f856914       0x14 common/libcommon.a(kgdb.o)
 .rodata        0x8f856928     0x100c common/libcommon.a(lcd_aml.o)
 .rodata        0x8f857934      0xf34 board/amlogic/8726m_mid_refb04/lib8726m_mid_refb04.a(8726m_mid_refb04.o)
 .rodata        0x8f858868      0x4a8 board/amlogic/8726m_mid_refb04/lib8726m_mid_refb04.a(lcd.o)
 .rodata        0x8f858d10        0x8 board/amlogic/8726m_mid_refb04/lib8726m_mid_refb04.a(saradc.o)
 .rodata        0x8f858d18       0x34 board/amlogic/8726m_mid_refb04/lib8726m_mid_refb04.a(upgrade.o)
 .rodata        0x8f858d4c       0xd0 board/amlogic/8726m_mid_refb04/lib8726m_mid_refb04.a(battery_charging.o)
                0x8f858d4c                g_voltage_table
                0x8f858dbc                g_engery_table
 .rodata        0x8f858e1c       0x10 board/amlogic/8726m_mid_refb04/lib8726m_mid_refb04.a(debug.o)
 .rodata        0x8f858e2c      0x200 lib/libgeneric.a(crc16.o)
 .rodata        0x8f85902c      0x400 lib/libgeneric.a(crc32.o)
 .rodata        0x8f85942c        0x8 lib/libgeneric.a(display_options.o)
 .rodata        0x8f859434       0x24 lib/libgeneric.a(vsprintf.o)
                0x8f859444                hex_asc
 .rodata        0x8f859458      0x9d0 lib/libgeneric.a(zlib.o)
                0x8f859e00                z_errmsg
 .rodata        0x8f859e28       0x18 lib/lzma/liblzma.a(LzmaDec.o)
 .rodata        0x8f859e40        0xc lib/lzo/liblzo.a(lzo1x_decompress.o)
 .rodata        0x8f859e4c        0x8 arch/arm/cpu/aml_meson/m1/libm1.a(serial.o)
 .rodata        0x8f859e54       0x68 arch/arm/cpu/aml_meson/m1/libm1.a(pinmux.o)
 .rodata        0x8f859ebc       0x30 arch/arm/cpu/aml_meson/m1/libm1.a(gpio.o)
 .rodata        0x8f859eec       0x14 arch/arm/cpu/aml_meson/m1/libm1.a(tcon.o)
 .rodata        0x8f859f00       0x38 arch/arm/cpu/aml_meson/m1/libm1.a(osd_hw.o)
 .rodata        0x8f859f38      0x110 fs/ubifs/libubifs.a(ubifs.o)
 .rodata        0x8f85a048       0xbc fs/ubifs/libubifs.a(super.o)
 .rodata        0x8f85a104       0x24 fs/ubifs/libubifs.a(sb.o)
 .rodata        0x8f85a128       0x24 fs/ubifs/libubifs.a(master.o)
 .rodata        0x8f85a14c       0x54 fs/ubifs/libubifs.a(lpt.o)
 .rodata        0x8f85a1a0       0x50 fs/ubifs/libubifs.a(scan.o)
 .rodata        0x8f85a1f0       0x48 fs/ubifs/libubifs.a(tnc.o)
 .rodata        0x8f85a238       0x20 fs/ubifs/libubifs.a(tnc_misc.o)
 .rodata        0x8f85a258      0x200 fs/ubifs/libubifs.a(crc16.o)
                0x8f85a258                crc16_table
 .rodata        0x8f85a458       0x20 fs/ubifs/libubifs.a(orphan.o)
 .rodata        0x8f85a478       0x80 fs/ubifs/libubifs.a(recovery.o)
 .rodata        0x8f85a4f8       0x90 fs/ubifs/libubifs.a(replay.o)
 .rodata        0x8f85a588       0x40 fs/ubifs/libubifs.a(io.o)
 .rodata        0x8f85a5c8       0x18 disk/libdisk.a(part.o)
 .rodata        0x8f85a5e0       0x20 drivers/mtd/libmtd.a(mtdcore.o)
 .rodata        0x8f85a600       0x14 drivers/mtd/libmtd.a(mtdpart.o)
 .rodata        0x8f85a614       0x10 drivers/mtd/nand/libnand.a(nand_util.o)
 .rodata        0x8f85a624       0x54 drivers/mtd/ubi/libubi.a(build.o)
 .rodata        0x8f85a678       0x64 drivers/mtd/ubi/libubi.a(vtbl.o)
 .rodata        0x8f85a6dc       0x28 drivers/mtd/ubi/libubi.a(vmt.o)
 .rodata        0x8f85a704       0x20 drivers/mtd/ubi/libubi.a(kapi.o)
 .rodata        0x8f85a724       0x9c drivers/mtd/ubi/libubi.a(eba.o)
 .rodata        0x8f85a7c0       0xbc drivers/mtd/ubi/libubi.a(io.o)
 .rodata        0x8f85a87c       0xac drivers/mtd/ubi/libubi.a(wl.o)
 .rodata        0x8f85a928       0x7c drivers/mtd/ubi/libubi.a(scan.o)
 .rodata        0x8f85a9a4      0x400 drivers/mtd/ubi/libubi.a(crc32.o)
 .rodata        0x8f85ada4       0x78 drivers/mtd/spi/libspi_flash.a(macronix.o)
 .rodata        0x8f85ae1c       0x14 drivers/mtd/spi/libspi_flash.a(sst.o)
 .rodata        0x8f85ae30       0x64 drivers/mtd/spi/libspi_flash.a(winbond.o)
 .rodata        0x8f85ae94       0x94 drivers/usb/host/libusb_host.a(dwc_otg_hcd.o)
 .rodata        0x8f85af28       0x14 arch/arm/cpu/aml_meson/m1/libm1.a(usb.o)
 .rodata.str1.4
                0x8f85af3c       0x9a arch/arm/lib/libarm.a(board.o)
                                 0xa0 (size before relaxing)
 *fill*         0x8f85afd6        0x2 00
 .rodata.str1.4
                0x8f85afd8      0x293 arch/arm/lib/libarm.a(interrupts.o)
                                0x29c (size before relaxing)
 *fill*         0x8f85b26b        0x1 00
 .rodata.str1.4
                0x8f85b26c      0x31b drivers/i2c/libi2c.a(aml_i2c.o)
                                0x328 (size before relaxing)
 *fill*         0x8f85b587        0x1 00
 .rodata.str1.4
                0x8f85b588      0x489 drivers/mmc/libmmc.a(mmc.o)
                                0x490 (size before relaxing)
 *fill*         0x8f85ba11        0x3 00
 .rodata.str1.4
                0x8f85ba14       0xad drivers/mtd/nand/libnand.a(m1_nand.o)
                                 0xb0 (size before relaxing)
 *fill*         0x8f85bac1        0x3 00
 .rodata.str1.4
                0x8f85bac4      0xd73 drivers/mtd/nand/libnand.a(aml_nand.o)
                                0xda0 (size before relaxing)
 *fill*         0x8f85c837        0x1 00
 .rodata.str1.4
                0x8f85c838      0x26c drivers/mtd/nand/libnand.a(nand_base.o)
                                0x314 (size before relaxing)
 .rodata.str1.4
                0x8f85caa4      0x320 drivers/mtd/nand/libnand.a(nand_bbt.o)
 .rodata.str1.4
                0x8f85cdc4      0x354 drivers/mtd/nand/libnand.a(nand_ids.o)
 .rodata.str1.4
                0x8f85d118      0x25e drivers/rtc/librtc.a(aml_rtc.o)
                                0x260 (size before relaxing)
 *fill*         0x8f85d376        0x2 00
 .rodata.str1.4
                0x8f85d378      0x10f common/libcommon.a(cmd_autoscript.o)
                                0x110 (size before relaxing)
 *fill*         0x8f85d487        0x1 00
 .rodata.str1.4
                0x8f85d488       0x8b common/libcommon.a(cmd_bdinfo.o)
                                 0x90 (size before relaxing)
 *fill*         0x8f85d513        0x1 00
 .rodata.str1.4
                0x8f85d514      0x104 common/libcommon.a(cmd_bmp.o)
                                0x110 (size before relaxing)
 .rodata.str1.4
                0x8f85d618      0x153 common/libcommon.a(cmd_boot.o)
                                0x160 (size before relaxing)
 *fill*         0x8f85d76b        0x1 00
 .rodata.str1.4
                0x8f85d76c      0x755 common/libcommon.a(cmd_bootm.o)
                                0x770 (size before relaxing)
 *fill*         0x8f85dec1        0x3 00
 .rodata.str1.4
                0x8f85dec4       0x62 common/libcommon.a(cmd_console.o)
                                 0x68 (size before relaxing)
 *fill*         0x8f85df26        0x2 00
 .rodata.str1.4
                0x8f85df28       0x5b common/libcommon.a(cmd_echo.o)
                                 0x5c (size before relaxing)
 *fill*         0x8f85df83        0x1 00
 .rodata.str1.4
                0x8f85df84       0x14 common/libcommon.a(cmd_exit.o)
                                 0x18 (size before relaxing)
 .rodata.str1.4
                0x8f85df98      0x3b4 common/libcommon.a(cmd_ext2.o)
                                0x3cc (size before relaxing)
 .rodata.str1.4
                0x8f85e34c      0x404 common/libcommon.a(cmd_fat.o)
                                0x4d4 (size before relaxing)
 .rodata.str1.4
                0x8f85e750       0xa1 common/libcommon.a(cmd_help.o)
                                 0xa8 (size before relaxing)
 *fill*         0x8f85e7f1        0x3 00
 .rodata.str1.4
                0x8f85e7f4       0xc6 common/libcommon.a(cmd_itest.o)
                                 0xc8 (size before relaxing)
 *fill*         0x8f85e8ba        0x2 00
 .rodata.str1.4
                0x8f85e8bc      0x3c4 common/libcommon.a(cmd_load.o)
                                0x3e8 (size before relaxing)
 .rodata.str1.4
                0x8f85ec80      0x4cd common/libcommon.a(cmd_mem.o)
                                0x4e8 (size before relaxing)
 *fill*         0x8f85f14d        0x3 00
 .rodata.str1.4
                0x8f85f150       0x63 common/libcommon.a(cmd_misc.o)
                                 0x64 (size before relaxing)
 *fill*         0x8f85f1b3        0x1 00
 .rodata.str1.4
                0x8f85f1b4      0x27d common/libcommon.a(cmd_mmc.o)
                                0x290 (size before relaxing)
 *fill*         0x8f85f431        0x3 00
 .rodata.str1.4
                0x8f85f434      0xd83 common/libcommon.a(cmd_mtdparts.o)
                                0xda8 (size before relaxing)
 *fill*         0x8f8601b7        0x1 00
 .rodata.str1.4
                0x8f8601b8      0x948 common/libcommon.a(cmd_nand.o)
                                0x9a4 (size before relaxing)
 .rodata.str1.4
                0x8f860b00      0x47a common/libcommon.a(cmd_nvedit.o)
                                0x4d8 (size before relaxing)
 *fill*         0x8f860f7a        0x2 00
 .rodata.str1.4
                0x8f860f7c      0x28e common/libcommon.a(cmd_sf.o)
                                0x2a8 (size before relaxing)
 *fill*         0x8f86120a        0x2 00
 .rodata.str1.4
                0x8f86120c       0x82 common/libcommon.a(cmd_source.o)
                                0x118 (size before relaxing)
 *fill*         0x8f86128e        0x2 00
 .rodata.str1.4
                0x8f861290       0x85 common/libcommon.a(cmd_test.o)
                                 0xb4 (size before relaxing)
 *fill*         0x8f861315        0x3 00
 .rodata.str1.4
                0x8f861318      0xac2 common/libcommon.a(cmd_ubi.o)
                                0xb30 (size before relaxing)
 *fill*         0x8f861dda        0x2 00
 .rodata.str1.4
                0x8f861ddc      0x173 common/libcommon.a(cmd_ubifs.o)
                                0x178 (size before relaxing)
 *fill*         0x8f861f4f        0x1 00
 .rodata.str1.4
                0x8f861f50      0x926 common/libcommon.a(cmd_usb.o)
                                0xa24 (size before relaxing)
 *fill*         0x8f862876        0x2 00
 .rodata.str1.4
                0x8f862878       0x26 common/libcommon.a(cmd_version.o)
                                 0x2c (size before relaxing)
 *fill*         0x8f86289e        0x2 00
 .rodata.str1.4
                0x8f8628a0      0x199 common/libcommon.a(cmd_ximg.o)
                                0x254 (size before relaxing)
 *fill*         0x8f862a39        0x3 00
 .rodata.str1.4
                0x8f862a3c       0xad common/libcommon.a(command.o)
                                 0xe4 (size before relaxing)
 *fill*         0x8f862ae9        0x3 00
 .rodata.str1.4
                0x8f862aec       0x75 common/libcommon.a(console.o)
                                 0x7c (size before relaxing)
 *fill*         0x8f862b61        0x3 00
 .rodata.str1.4
                0x8f862b64       0x41 common/libcommon.a(env_common.o)
                                 0x48 (size before relaxing)
 *fill*         0x8f862ba5        0x3 00
 .rodata.str1.4
                0x8f862ba8       0x7d common/libcommon.a(env_nand.o)
                                 0x80 (size before relaxing)
 *fill*         0x8f862c25        0x3 00
 .rodata.str1.4
                0x8f862c28      0x26d common/libcommon.a(hush.o)
                                0x2b0 (size before relaxing)
 *fill*         0x8f862e95        0x3 00
 .rodata.str1.4
                0x8f862e98      0x4db common/libcommon.a(image.o)
                                0x578 (size before relaxing)
 *fill*         0x8f863373        0x1 00
 .rodata.str1.4
                0x8f863374      0x33c common/libcommon.a(kgdb.o)
                                0x340 (size before relaxing)
 .rodata.str1.4
                0x8f8636b0      0x44b common/libcommon.a(lcd_aml.o)
                                0x478 (size before relaxing)
 *fill*         0x8f863afb        0x1 00
 .rodata.str1.4
                0x8f863afc       0x9c common/libcommon.a(main.o)
                                0x108 (size before relaxing)
 .rodata.str1.4
                0x8f863b98        0x7 common/libcommon.a(stdio.o)
                                 0x20 (size before relaxing)
 *fill*         0x8f863b9f        0x1 00
 .rodata.str1.4
                0x8f863ba0      0x2a4 common/libcommon.a(usb.o)
 .rodata.str1.4
                0x8f863e44      0x212 common/libcommon.a(usb_storage.o)
                                0x218 (size before relaxing)
 *fill*         0x8f864056        0x2 00
 .rodata.str1.4
                0x8f864058       0xf1 common/libcommon.a(xyzModem.o)
                                 0xf8 (size before relaxing)
 *fill*         0x8f864149        0x3 00
 .rodata.str1.4
                0x8f86414c      0x7d2 board/amlogic/8726m_mid_refb04/lib8726m_mid_refb04.a(8726m_mid_refb04.o)
                                0x814 (size before relaxing)
 *fill*         0x8f86491e        0x2 00
 .rodata.str1.4
                0x8f864920       0x58 board/amlogic/8726m_mid_refb04/lib8726m_mid_refb04.a(lcd.o)
 .rodata.str1.4
                0x8f864978       0x11 board/amlogic/8726m_mid_refb04/lib8726m_mid_refb04.a(saradc.o)
                                 0x14 (size before relaxing)
 *fill*         0x8f864989        0x3 00
 .rodata.str1.4
                0x8f86498c      0x564 board/amlogic/8726m_mid_refb04/lib8726m_mid_refb04.a(upgrade.o)
                                0x600 (size before relaxing)
 .rodata.str1.4
                0x8f864ef0       0x51 board/amlogic/8726m_mid_refb04/lib8726m_mid_refb04.a(battery_charging.o)
                                 0x54 (size before relaxing)
 *fill*         0x8f864f41        0x3 00
 .rodata.str1.4
                0x8f864f44      0x144 board/amlogic/8726m_mid_refb04/lib8726m_mid_refb04.a(debug.o)
                                0x184 (size before relaxing)
 .rodata.str1.4
                0x8f865088       0x24 lib/libgeneric.a(display_options.o)
                                 0x54 (size before relaxing)
 .rodata.str1.4
                0x8f8650ac       0x8d lib/libgeneric.a(gunzip.o)
                                 0x90 (size before relaxing)
 *fill*         0x8f865139        0x3 00
 .rodata.str1.4
                0x8f86513c        0xf lib/libgeneric.a(vsprintf.o)
                                 0x10 (size before relaxing)
 *fill*         0x8f86514b        0x1 00
 .rodata.str1.4
                0x8f86514c      0x23d lib/libgeneric.a(zlib.o)
                                0x244 (size before relaxing)
 *fill*         0x8f865389        0x3 00
 .rodata.str1.4
                0x8f86538c       0x41 arch/arm/cpu/aml_meson/m1/libm1.a(sdio.o)
                                 0x44 (size before relaxing)
 *fill*         0x8f8653cd        0x3 00
 .rodata.str1.4
                0x8f8653d0       0x8d arch/arm/cpu/aml_meson/m1/libm1.a(pinmux.o)
                                 0x90 (size before relaxing)
 *fill*         0x8f86545d        0x3 00
 .rodata.str1.4
                0x8f865460       0x2a arch/arm/cpu/aml_meson/m1/libm1.a(tcon.o)
                                 0x54 (size before relaxing)
 *fill*         0x8f86548a        0x2 00
 .rodata.str1.4
                0x8f86548c       0x6b arch/arm/lib/libarm.a(bootm.o)
                                 0x78 (size before relaxing)
 *fill*         0x8f8654f7        0x1 00
 .rodata.str1.4
                0x8f8654f8        0xf arch/arm/lib/libarm.a(reset.o)
                                 0x10 (size before relaxing)
 *fill*         0x8f865507        0x1 00
 .rodata.str1.4
                0x8f865508      0x17b fs/fat/libfat.a(fat.o)
                                0x194 (size before relaxing)
 *fill*         0x8f865683        0x1 00
 .rodata.str1.4
                0x8f865684      0x1cf fs/ext2/libext2fs.a(ext2fs.o)
                                0x1d0 (size before relaxing)
 *fill*         0x8f865853        0x1 00
 .rodata.str1.4
                0x8f865854       0xe1 fs/ext2/libext2fs.a(dev.o)
                                 0xe4 (size before relaxing)
 *fill*         0x8f865935        0x3 00
 .rodata.str1.4
                0x8f865938      0x31f fs/ubifs/libubifs.a(ubifs.o)
                                0x32c (size before relaxing)
 *fill*         0x8f865c57        0x1 00
 .rodata.str1.4
                0x8f865c58      0x6aa fs/ubifs/libubifs.a(super.o)
                                0x6ac (size before relaxing)
 *fill*         0x8f866302        0x2 00
 .rodata.str1.4
                0x8f866304      0x2a4 fs/ubifs/libubifs.a(sb.o)
 .rodata.str1.4
                0x8f8665a8       0x79 fs/ubifs/libubifs.a(master.o)
                                 0x7c (size before relaxing)
 *fill*         0x8f866621        0x3 00
 .rodata.str1.4
                0x8f866624      0x15c fs/ubifs/libubifs.a(lpt.o)
 .rodata.str1.4
                0x8f866780      0x12a fs/ubifs/libubifs.a(scan.o)
                                0x12c (size before relaxing)
 *fill*         0x8f8668aa        0x2 00
 .rodata.str1.4
                0x8f8668ac      0x215 fs/ubifs/libubifs.a(tnc.o)
                                0x21c (size before relaxing)
 *fill*         0x8f866ac1        0x3 00
 .rodata.str1.4
                0x8f866ac4       0x44 fs/ubifs/libubifs.a(tnc_misc.o)
                                 0x7c (size before relaxing)
 .rodata.str1.4
                0x8f866b08       0xd7 fs/ubifs/libubifs.a(orphan.o)
                                 0xd8 (size before relaxing)
 *fill*         0x8f866bdf        0x1 00
 .rodata.str1.4
                0x8f866be0       0xef fs/ubifs/libubifs.a(recovery.o)
                                0x19c (size before relaxing)
 *fill*         0x8f866ccf        0x1 00
 .rodata.str1.4
                0x8f866cd0      0x2da fs/ubifs/libubifs.a(replay.o)
                                0x304 (size before relaxing)
 *fill*         0x8f866faa        0x2 00
 .rodata.str1.4
                0x8f866fac      0x1ff fs/ubifs/libubifs.a(io.o)
                                0x2e4 (size before relaxing)
 *fill*         0x8f8671ab        0x1 00
 .rodata.str1.4
                0x8f8671ac      0x1dd disk/libdisk.a(part.o)
                                0x210 (size before relaxing)
 *fill*         0x8f867389        0x3 00
 .rodata.str1.4
                0x8f86738c       0xf9 disk/libdisk.a(part_dos.o)
                                0x10c (size before relaxing)
 *fill*         0x8f867485        0x3 00
 .rodata.str1.4
                0x8f867488       0xf9 drivers/mmc/libmmc.a(aml_sd_mmc.o)
                                 0xfc (size before relaxing)
 *fill*         0x8f867581        0x3 00
 .rodata.str1.4
                0x8f867584       0x3a drivers/mtd/libmtd.a(mtdcore.o)
                                 0x64 (size before relaxing)
 *fill*         0x8f8675be        0x2 00
 .rodata.str1.4
                0x8f8675c0      0x1e2 drivers/mtd/libmtd.a(mtdpart.o)
                                0x20c (size before relaxing)
 *fill*         0x8f8677a2        0x2 00
 .rodata.str1.4
                0x8f8677a4      0x776 drivers/mtd/nand/libnand.a(nand_util.o)
                                0x7a8 (size before relaxing)
 *fill*         0x8f867f1a        0x2 00
 .rodata.str1.4
                0x8f867f1c      0x573 drivers/mtd/ubi/libubi.a(build.o)
                                0x848 (size before relaxing)
 *fill*         0x8f86848f        0x1 00
 .rodata.str1.4
                0x8f868490      0x363 drivers/mtd/ubi/libubi.a(vtbl.o)
                                0x364 (size before relaxing)
 *fill*         0x8f8687f3        0x1 00
 .rodata.str1.4
                0x8f8687f4       0x3a drivers/mtd/ubi/libubi.a(vmt.o)
                                 0x8c (size before relaxing)
 *fill*         0x8f86882e        0x2 00
 .rodata.str1.4
                0x8f868830       0x2e drivers/mtd/ubi/libubi.a(kapi.o)
                                 0x6c (size before relaxing)
 *fill*         0x8f86885e        0x2 00
 .rodata.str1.4
                0x8f868860      0x3f1 drivers/mtd/ubi/libubi.a(eba.o)
                                0x3f4 (size before relaxing)
 *fill*         0x8f868c51        0x3 00
 .rodata.str1.4
                0x8f868c54      0x510 drivers/mtd/ubi/libubi.a(io.o)
 .rodata.str1.4
                0x8f869164      0x2dd drivers/mtd/ubi/libubi.a(wl.o)
                                0x390 (size before relaxing)
 *fill*         0x8f869441        0x3 00
 .rodata.str1.4
                0x8f869444      0x2dd drivers/mtd/ubi/libubi.a(scan.o)
                                0x308 (size before relaxing)
 *fill*         0x8f869721        0x3 00
 .rodata.str1.4
                0x8f869724      0x103 drivers/mtd/spi/libspi_flash.a(spi_flash_aml.o)
                                0x104 (size before relaxing)
 *fill*         0x8f869827        0x1 00
 .rodata.str1.4
                0x8f869828      0x12a drivers/mtd/spi/libspi_flash.a(macronix.o)
                                0x12c (size before relaxing)
 *fill*         0x8f869952        0x2 00
 .rodata.str1.4
                0x8f869954       0x60 drivers/mtd/spi/libspi_flash.a(sst.o)
                                 0xfc (size before relaxing)
 .rodata.str1.4
                0x8f8699b4       0xb7 drivers/mtd/spi/libspi_flash.a(winbond.o)
                                0x11c (size before relaxing)
 *fill*         0x8f869a6b        0x1 00
 .rodata.str1.4
                0x8f869a6c      0x3b3 drivers/usb/host/libusb_host.a(dwc_otg_hcd.o)
                                0x3b4 (size before relaxing)
 *fill*         0x8f869e1f        0x1 00
 .rodata.str1.4
                0x8f869e20       0x58 arch/arm/cpu/aml_meson/m1/libm1.a(usb.o)

.mmudata        0x8f86c000     0x4000
 .mmudata       0x8f86c000     0x4000 arch/arm/cpu/aml_meson/m1/libm1.a(mmutable.o)
                0x8f86c000                mmu_table

.ARM.extab      0x8f870000        0x0
 .ARM.extab     0x8f870000        0x0 /opt/toolchains/arm-mlogic/bin/../lib/gcc/arm-none-eabi/4.4.1/libgcc.a(_divdi3.o)
 .ARM.extab     0x8f870000        0x0 /opt/toolchains/arm-mlogic/bin/../lib/gcc/arm-none-eabi/4.4.1/libgcc.a(_udivdi3.o)

.ARM.exidx      0x8f870000        0x8
 .ARM.exidx     0x8f870000        0x8 /opt/toolchains/arm-mlogic/bin/../lib/gcc/arm-none-eabi/4.4.1/libgcc.a(_divdi3.o)
 .ARM.exidx     0x8f870008        0x0 /opt/toolchains/arm-mlogic/bin/../lib/gcc/arm-none-eabi/4.4.1/libgcc.a(_udivdi3.o)
                                  0x8 (size before relaxing)
                0x8f870008                . = ALIGN (0x4)

.data           0x8f870008    0x15b60
 *(.data)
 .data          0x8f870008        0x0 arch/arm/cpu/aml_meson/start.o
 .data          0x8f870008        0x0 arch/arm/cpu/aml_meson/m1/libm1.a(mmutable.o)
 .data          0x8f870008        0x0 arch/arm/lib/libarm.a(cache_init.o)
 .data          0x8f870008       0x30 arch/arm/lib/libarm.a(board.o)
                0x8f870008                init_sequence
 .data          0x8f870038        0x0 arch/arm/lib/libarm.a(cache.o)
 .data          0x8f870038        0x0 arch/arm/lib/libarm.a(cache-cp15.o)
 .data          0x8f870038        0x0 arch/arm/lib/libarm.a(interrupts.o)
 .data          0x8f870038        0x0 arch/arm/lib/libarm.a(cache_v7.o)
 .data          0x8f870038       0x14 drivers/i2c/libi2c.a(aml_i2c.o)
 .data          0x8f87004c       0x50 drivers/mmc/libmmc.a(mmc.o)
                0x8f87004c                multipliers
                0x8f87008c                fbase
 .data          0x8f87009c        0x4 drivers/mtd/nand/libnand.a(m1_nand.o)
                0x8f87009c                nand_curr_device
 .data          0x8f8700a0     0xcbf0 drivers/mtd/nand/libnand.a(aml_nand.o)
                0x8f8700a0                aml_nand_flash_ids
 .data          0x8f87cc90     0x2420 drivers/mtd/nand/libnand.a(nand_base.o)
 .data          0x8f87f0b0      0x164 drivers/mtd/nand/libnand.a(nand_bbt.o)
 .data          0x8f87f214        0x0 drivers/mtd/nand/libnand.a(nand_ecc.o)
 .data          0x8f87f214      0x488 drivers/mtd/nand/libnand.a(nand_ids.o)
                0x8f87f214                nand_flash_ids
                0x8f87f64c                nand_manuf_ids
 .data          0x8f87f69c        0x0 drivers/rtc/librtc.a(aml_rtc.o)
 .data          0x8f87f69c        0x0 drivers/rtc/librtc.a(rtc-lib.o)
 .data          0x8f87f69c        0x0 common/libcommon.a(cmd_autoscript.o)
 .data          0x8f87f69c        0x0 common/libcommon.a(cmd_bdinfo.o)
 .data          0x8f87f69c       0x38 common/libcommon.a(cmd_bmp.o)
 .data          0x8f87f6d4        0x0 common/libcommon.a(cmd_boot.o)
 .data          0x8f87f6d4       0xa8 common/libcommon.a(cmd_bootm.o)
 .data          0x8f87f77c        0x0 common/libcommon.a(cmd_console.o)
 .data          0x8f87f77c        0x0 common/libcommon.a(cmd_echo.o)
 .data          0x8f87f77c        0x0 common/libcommon.a(cmd_exit.o)
 .data          0x8f87f77c        0x0 common/libcommon.a(cmd_ext2.o)
 .data          0x8f87f77c        0x0 common/libcommon.a(cmd_fat.o)
 .data          0x8f87f77c        0x0 common/libcommon.a(cmd_help.o)
 .data          0x8f87f77c       0x68 common/libcommon.a(cmd_itest.o)
                0x8f87f77c                op_table
 .data          0x8f87f7e4        0x4 common/libcommon.a(cmd_load.o)
 .data          0x8f87f7e8        0x4 common/libcommon.a(cmd_mem.o)
                0x8f87f7e8                dp_last_length
 .data          0x8f87f7ec        0x0 common/libcommon.a(cmd_misc.o)
 .data          0x8f87f7ec        0x0 common/libcommon.a(cmd_mmc.o)
 .data          0x8f87f7ec        0x0 common/libcommon.a(cmd_mtdparts.o)
 .data          0x8f87f7ec        0x4 common/libcommon.a(cmd_nand.o)
 .data          0x8f87f7f0        0x4 common/libcommon.a(cmd_nvedit.o)
 .data          0x8f87f7f4        0x0 common/libcommon.a(cmd_sf.o)
 .data          0x8f87f7f4        0x0 common/libcommon.a(cmd_source.o)
 .data          0x8f87f7f4        0x0 common/libcommon.a(cmd_test.o)
 .data          0x8f87f7f4        0x0 common/libcommon.a(cmd_ubi.o)
 .data          0x8f87f7f4        0x0 common/libcommon.a(cmd_ubifs.o)
 .data          0x8f87f7f4        0x4 common/libcommon.a(cmd_usb.o)
 .data          0x8f87f7f8        0x0 common/libcommon.a(cmd_version.o)
 .data          0x8f87f7f8        0x0 common/libcommon.a(cmd_ximg.o)
 .data          0x8f87f7f8        0x0 common/libcommon.a(command.o)
 .data          0x8f87f7f8        0x0 common/libcommon.a(console.o)
 .data          0x8f87f7f8      0x414 common/libcommon.a(dlmalloc.o)
 .data          0x8f87fc0c      0x5fc common/libcommon.a(env_common.o)
                0x8f87fc0c                default_environment
 .data          0x8f880208        0x4 common/libcommon.a(env_nand.o)
                0x8f880208                env_name_spec
 .data          0x8f88020c        0x0 common/libcommon.a(exports.o)
 .data          0x8f88020c       0xac common/libcommon.a(hush.o)
 .data          0x8f8802b8      0x204 common/libcommon.a(image.o)
 .data          0x8f8804bc        0x4 common/libcommon.a(kgdb.o)
 .data          0x8f8804c0        0x0 common/libcommon.a(kgdb_stubs.o)
 .data          0x8f8804c0       0x70 common/libcommon.a(lcd_aml.o)
 .data          0x8f880530       0x10 common/libcommon.a(main.o)
 .data          0x8f880540        0x0 common/libcommon.a(s_record.o)
 .data          0x8f880540        0xc common/libcommon.a(stdio.o)
                0x8f880540                stdio_names
 .data          0x8f88054c        0x0 common/libcommon.a(usb.o)
 .data          0x8f88054c       0x20 common/libcommon.a(usb_storage.o)
                0x8f88054c                us_direction
 .data          0x8f88056c        0x0 common/libcommon.a(xyzModem.o)
 .data          0x8f88056c     0x4c94 board/amlogic/8726m_mid_refb04/lib8726m_mid_refb04.a(8726m_mid_refb04.o)
                0x8f88504c                special_key_list
                0x8f88505c                adc_key_list
                0x8f88508c                ISO_88591_24Font
                0x8f8850a0                ISO_88591_18Font
                0x8f8850b4                ISO_88591_20Font
                0x8f8850c8                ISO_88591_32Font
                0x8f8850dc                ISO_88591_40Font
                0x8f8850f0                aml_nand_mid_device
                0x8f8850f8                aml_i2c_plat
                0x8f88514c                gpio_key_list
 .data          0x8f885200      0x6c4 board/amlogic/8726m_mid_refb04/lib8726m_mid_refb04.a(lcd.o)
                0x8f885200                tcon_config
                0x8f885888                panel_info
 .data          0x8f8858c4        0x0 board/amlogic/8726m_mid_refb04/lib8726m_mid_refb04.a(saradc.o)
 .data          0x8f8858c4        0x0 board/amlogic/8726m_mid_refb04/lib8726m_mid_refb04.a(powerkey.o)
 .data          0x8f8858c4        0x0 board/amlogic/8726m_mid_refb04/lib8726m_mid_refb04.a(upgrade.o)
 .data          0x8f8858c4        0x0 board/amlogic/8726m_mid_refb04/lib8726m_mid_refb04.a(battery_charging.o)
 .data          0x8f8858c4        0x0 board/amlogic/8726m_mid_refb04/lib8726m_mid_refb04.a(debug.o)
 .data          0x8f8858c4        0x0 lib/libgeneric.a(crc16.o)
 .data          0x8f8858c4        0x0 lib/libgeneric.a(crc32.o)
 .data          0x8f8858c4      0x100 lib/libgeneric.a(ctype.o)
                0x8f8858c4                _ctype
 .data          0x8f8859c4        0x0 lib/libgeneric.a(display_options.o)
 .data          0x8f8859c4        0x0 lib/libgeneric.a(div64.o)
 .data          0x8f8859c4        0x0 lib/libgeneric.a(gunzip.o)
 .data          0x8f8859c4        0x0 lib/libgeneric.a(net_utils.o)
 .data          0x8f8859c4        0x0 lib/libgeneric.a(string.o)
 .data          0x8f8859c4        0x0 lib/libgeneric.a(time.o)
 .data          0x8f8859c4        0x0 lib/libgeneric.a(vsprintf.o)
 .data          0x8f8859c4        0x0 lib/libgeneric.a(zlib.o)
 .data          0x8f8859c4        0x0 lib/lzma/liblzma.a(LzmaTools.o)
 .data          0x8f8859c4        0x0 lib/lzma/liblzma.a(LzmaDec.o)
 .data          0x8f8859c4        0x0 lib/lzo/liblzo.a(lzo1x_decompress.o)
 .data          0x8f8859c4        0x0 arch/arm/cpu/aml_meson/m1/libm1.a(timer.o)
 .data          0x8f8859c4        0x0 arch/arm/cpu/aml_meson/m1/libm1.a(soc.o)
 .data          0x8f8859c4        0x0 arch/arm/cpu/aml_meson/m1/libm1.a(board.o)
 .data          0x8f8859c4       0xb0 arch/arm/cpu/aml_meson/m1/libm1.a(sdio.o)
 .data          0x8f885a74        0x0 arch/arm/cpu/aml_meson/m1/libm1.a(serial.o)
 .data          0x8f885a74        0x4 arch/arm/cpu/aml_meson/m1/libm1.a(clock.o)
                0x8f885a74                romboot_info
 .data          0x8f885a78        0x0 arch/arm/cpu/aml_meson/m1/libm1.a(pinmux.o)
 .data          0x8f885a78        0x0 arch/arm/cpu/aml_meson/m1/libm1.a(gpio.o)
 .data          0x8f885a78        0x0 arch/arm/cpu/aml_meson/m1/libm1.a(tcon.o)
 .data          0x8f885a78        0x0 arch/arm/cpu/aml_meson/m1/libm1.a(osd_hw.o)
 .data          0x8f885a78        0x0 arch/arm/cpu/aml_meson/m1/libm1.a(canvas.o)
 .data          0x8f885a78        0x0 arch/arm/lib/libarm.a(bootm.o)
 .data          0x8f885a78        0x0 arch/arm/lib/libarm.a(reset.o)