Archive member included because of file (symbol)

/opt/uboot_mlogic/build/arch/arm/cpu/aml_meson/uclboot/ucl_lib_aml_meson.a(misc.o)
                              /opt/uboot_mlogic/build/arch/arm/cpu/aml_meson/uclboot/start.o (start_arcboot_ucl)
/opt/uboot_mlogic/build/arch/arm/cpu/aml_meson/uclboot/ucl_lib_aml_meson.a(piggy.o)
                              /opt/uboot_mlogic/build/arch/arm/cpu/aml_meson/uclboot/ucl_lib_aml_meson.a(misc.o) (input_data)
/opt/uboot_mlogic/build/arch/arm/cpu/aml_meson/uclboot/ucl_lib_aml_meson.a(interrupts.o)
                              /opt/uboot_mlogic/build/arch/arm/cpu/aml_meson/uclboot/start.o (do_undefined_instruction)
/opt/uboot_mlogic/build/arch/arm/cpu/aml_meson/m1/libm1.a(serial.o)
                              /opt/uboot_mlogic/build/arch/arm/cpu/aml_meson/uclboot/ucl_lib_aml_meson.a(misc.o) (serial_puts)
/opt/uboot_mlogic/build/arch/arm/cpu/aml_meson/m1/libm1.a(clock.o)
                              /opt/uboot_mlogic/build/arch/arm/cpu/aml_meson/m1/libm1.a(serial.o) (get_clk81)
/opt/uboot_mlogic/build/arch/arm/cpu/aml_meson/m1/libm1.a(mmutable.o)
                              /opt/uboot_mlogic/build/arch/arm/cpu/aml_meson/uclboot/start.o (mmu_table)
/opt/uboot_mlogic/build/lib/ucl/libucl.a(ucl_decompress.o)
                              /opt/uboot_mlogic/build/arch/arm/cpu/aml_meson/uclboot/ucl_lib_aml_meson.a(misc.o) (uclDecompress)
/opt/uboot_mlogic/build/lib/ucl/libucl.a(n2b_d.o)
                              /opt/uboot_mlogic/build/lib/ucl/libucl.a(ucl_decompress.o) (ucl_nrv2b_decompress_8)
/opt/uboot_mlogic/build/lib/ucl/libucl.a(n2d_d.o)
                              /opt/uboot_mlogic/build/lib/ucl/libucl.a(ucl_decompress.o) (ucl_nrv2d_decompress_8)
/opt/uboot_mlogic/build/lib/ucl/libucl.a(n2e_d.o)
                              /opt/uboot_mlogic/build/lib/ucl/libucl.a(ucl_decompress.o) (ucl_nrv2e_decompress_8)
/opt/toolchains/arm-mlogic/bin/../lib/gcc/arm-none-eabi/4.4.1/libgcc.a(_udivsi3.o)
                              /opt/uboot_mlogic/build/arch/arm/cpu/aml_meson/m1/libm1.a(clock.o) (__aeabi_uidiv)
/opt/toolchains/arm-mlogic/bin/../lib/gcc/arm-none-eabi/4.4.1/libgcc.a(_dvmd_tls.o)
                              /opt/toolchains/arm-mlogic/bin/../lib/gcc/arm-none-eabi/4.4.1/libgcc.a(_udivsi3.o) (__aeabi_idiv0)

Memory Configuration

Name             Origin             Length             Attributes
*default*        0x00000000         0xffffffff

Linker script and memory map

                0x00000000                . = ALIGN (0x4)

.text           0x8f000000    0x38f36
                0x8f000000                __text_start = .
 *arch/arm/cpu/aml_meson/uclboot/start.o(.text)
 .text          0x8f000000      0x3c0 /opt/uboot_mlogic/build/arch/arm/cpu/aml_meson/uclboot/start.o
                0x8f000000                _start
                0x8f000040                _end_vect
                0x8f000044                _armboot_start
                0x8f000048                _bss_start
                0x8f00004c                _bss_end
 *(.text)
 .text          0x8f0003c0       0x3c /opt/uboot_mlogic/build/arch/arm/cpu/aml_meson/uclboot/ucl_lib_aml_meson.a(misc.o)
                0x8f0003c0                start_arcboot_ucl
 .text          0x8f0003fc        0x0 /opt/uboot_mlogic/build/arch/arm/cpu/aml_meson/uclboot/ucl_lib_aml_meson.a(piggy.o)
 .text          0x8f0003fc       0x30 /opt/uboot_mlogic/build/arch/arm/cpu/aml_meson/uclboot/ucl_lib_aml_meson.a(interrupts.o)
                0x8f0003fc                enable_interrupts
                0x8f000400                disable_interrupts
                0x8f000408                bad_mode
                0x8f00040c                show_regs
                0x8f000410                do_undefined_instruction
                0x8f000414                do_software_interrupt
                0x8f000418                do_prefetch_abort
                0x8f00041c                do_data_abort
                0x8f000420                do_not_used
                0x8f000424                do_fiq
                0x8f000428                do_irq
 .text          0x8f00042c      0x3b0 /opt/uboot_mlogic/build/arch/arm/cpu/aml_meson/m1/libm1.a(serial.o)
                0x8f00042c                serial_set_pin_port
                0x8f00042c                __serial_set_pin_port
                0x8f00047c                serial_putc_port
                0x8f0004d8                serial_tstc_port
                0x8f0004fc                serial_getc_port
                0x8f000568                serial_puts_port
                0x8f000598                serial_putdata_port
                0x8f0005d4                serial_putc
                0x8f0005e8                serial_tstc
                0x8f0005f8                serial_getc
                0x8f000608                serial_puts
                0x8f00061c                serial_putdata
                0x8f000638                getDebugChar
                0x8f000648                putDebugChar
                0x8f00065c                putDebugStr
                0x8f000670                serial_setbrg_port
                0x8f0006c4                serial_setbrg
                0x8f0006d4                serial_init_port
                0x8f0007bc                kgdb_serial_init
                0x8f0007cc                serial_init
 .text          0x8f0007dc      0x110 /opt/uboot_mlogic/build/arch/arm/cpu/aml_meson/m1/libm1.a(clock.o)
                0x8f0007dc                get_cpu_clk
                0x8f0007f0                clk_util_clk_msr
                0x8f00086c                get_clk81
 .text          0x8f0008ec        0x0 /opt/uboot_mlogic/build/arch/arm/cpu/aml_meson/m1/libm1.a(mmutable.o)
 .text          0x8f0008ec      0x6c0 /opt/uboot_mlogic/build/lib/ucl/libucl.a(ucl_decompress.o)
                0x8f0008ec                ucl_assert
                0x8f0008f8                ucl_adler32
                0x8f000c68                uclDecompress
 .text          0x8f000fac      0x21c /opt/uboot_mlogic/build/lib/ucl/libucl.a(n2b_d.o)
                0x8f000fac                ucl_nrv2b_decompress_8
 .text          0x8f0011c8      0x248 /opt/uboot_mlogic/build/lib/ucl/libucl.a(n2d_d.o)
                0x8f0011c8                ucl_nrv2d_decompress_8
 .text          0x8f001410      0x2b8 /opt/uboot_mlogic/build/lib/ucl/libucl.a(n2e_d.o)
                0x8f001410                ucl_nrv2e_decompress_8
 .text          0x8f0016c8      0x114 /opt/toolchains/arm-mlogic/bin/../lib/gcc/arm-none-eabi/4.4.1/libgcc.a(_udivsi3.o)
                0x8f0016c8                __udivsi3
                0x8f0016c8                __aeabi_uidiv
                0x8f0017bc                __aeabi_uidivmod
 .text          0x8f0017dc        0x4 /opt/toolchains/arm-mlogic/bin/../lib/gcc/arm-none-eabi/4.4.1/libgcc.a(_dvmd_tls.o)
                0x8f0017dc                __aeabi_ldiv0
                0x8f0017dc                __aeabi_idiv0
                0x8f0017e0                . = ALIGN (0x4)
 *(.piggydata)
 .piggydata     0x8f0017e0    0x37756 /opt/uboot_mlogic/build/arch/arm/cpu/aml_meson/uclboot/ucl_lib_aml_meson.a(piggy.o)
                0x8f0017e0                input_data
                0x8f038f36                input_data_end

.glue_7         0x8f038f38        0x0 load address 0x8f038f36
 .glue_7        0x00000000        0x0 linker stubs

.glue_7t        0x8f038f38        0x0 load address 0x8f038f36
 .glue_7t       0x00000000        0x0 linker stubs

.vfp11_veneer   0x8f038f38        0x0 load address 0x8f038f36
 .vfp11_veneer  0x00000000        0x0 linker stubs

.v4_bx          0x8f038f38        0x0 load address 0x8f038f36
 .v4_bx         0x00000000        0x0 linker stubs
                0x8f038f38                . = ALIGN (0x4)
                0x8f038f38                __text_end = .
                0x8f038f38                __data_start = .

.rodata         0x8f038f38       0x10
 *(.rodata)
 .rodata        0x8f038f38        0x8 /opt/uboot_mlogic/build/arch/arm/cpu/aml_meson/m1/libm1.a(serial.o)
 .rodata        0x8f038f40        0x8 /opt/uboot_mlogic/build/lib/ucl/libucl.a(ucl_decompress.o)

.rodata.str1.4  0x8f038f48       0x10
 .rodata.str1.4
                0x8f038f48       0x10 /opt/uboot_mlogic/build/arch/arm/cpu/aml_meson/uclboot/ucl_lib_aml_meson.a(misc.o)

.mmudata        0x8f03c000     0x4000
 .mmudata       0x8f03c000     0x4000 /opt/uboot_mlogic/build/arch/arm/cpu/aml_meson/m1/libm1.a(mmutable.o)
                0x8f03c000                mmu_table
                0x8f040000                . = ALIGN (0x4)

.data           0x8f040000        0x4
 *(.data)
 .data          0x8f040000        0x0 /opt/uboot_mlogic/build/arch/arm/cpu/aml_meson/uclboot/start.o
 .data          0x8f040000        0x0 /opt/uboot_mlogic/build/arch/arm/cpu/aml_meson/uclboot/ucl_lib_aml_meson.a(misc.o)
 .data          0x8f040000        0x0 /opt/uboot_mlogic/build/arch/arm/cpu/aml_meson/uclboot/ucl_lib_aml_meson.a(piggy.o)
 .data          0x8f040000        0x0 /opt/uboot_mlogic/build/arch/arm/cpu/aml_meson/uclboot/ucl_lib_aml_meson.a(interrupts.o)
 .data          0x8f040000        0x0 /opt/uboot_mlogic/build/arch/arm/cpu/aml_meson/m1/libm1.a(serial.o)
 .data          0x8f040000        0x4 /opt/uboot_mlogic/build/arch/arm/cpu/aml_meson/m1/libm1.a(clock.o)
                0x8f040000                romboot_info
 .data          0x8f040004        0x0 /opt/uboot_mlogic/build/arch/arm/cpu/aml_meson/m1/libm1.a(mmutable.o)
 .data          0x8f040004        0x0 /opt/uboot_mlogic/build/lib/ucl/libucl.a(ucl_decompress.o)
 .data          0x8f040004        0x0 /opt/uboot_mlogic/build/lib/ucl/libucl.a(n2b_d.o)
 .data          0x8f040004        0x0 /opt/uboot_mlogic/build/lib/ucl/libucl.a(n2d_d.o)
 .data          0x8f040004        0x0 /opt/uboot_mlogic/build/lib/ucl/libucl.a(n2e_d.o)
 .data          0x8f040004        0x0 /opt/toolchains/arm-mlogic/bin/../lib/gcc/arm-none-eabi/4.4.1/libgcc.a(_udivsi3.o)
 .data          0x8f040004        0x0 /opt/toolchains/arm-mlogic/bin/../lib/gcc/arm-none-eabi/4.4.1/libgcc.a(_dvmd_tls.o)
                0x8f040004                . = ALIGN (0x4)

.got
 *(.got)
                0x8f040004                __data_end = .
                0x8f040004                __bss_start = .

.bss            0x8f040004        0xc
 *(.bss)
 .bss           0x8f040004        0x0 /opt/uboot_mlogic/build/arch/arm/cpu/aml_meson/uclboot/start.o
 .bss           0x8f040004        0x0 /opt/uboot_mlogic/build/arch/arm/cpu/aml_meson/uclboot/ucl_lib_aml_meson.a(misc.o)
 .bss           0x8f040004        0x0 /opt/uboot_mlogic/build/arch/arm/cpu/aml_meson/uclboot/ucl_lib_aml_meson.a(piggy.o)
 .bss           0x8f040004        0x0 /opt/uboot_mlogic/build/arch/arm/cpu/aml_meson/uclboot/ucl_lib_aml_meson.a(interrupts.o)
 .bss           0x8f040004        0x0 /opt/uboot_mlogic/build/arch/arm/cpu/aml_meson/m1/libm1.a(serial.o)
 .bss           0x8f040004        0x4 /opt/uboot_mlogic/build/arch/arm/cpu/aml_meson/m1/libm1.a(clock.o)
 .bss           0x8f040008        0x0 /opt/uboot_mlogic/build/arch/arm/cpu/aml_meson/m1/libm1.a(mmutable.o)
 .bss           0x8f040008        0x8 /opt/uboot_mlogic/build/lib/ucl/libucl.a(ucl_decompress.o)
 .bss           0x8f040010        0x0 /opt/uboot_mlogic/build/lib/ucl/libucl.a(n2b_d.o)
 .bss           0x8f040010        0x0 /opt/uboot_mlogic/build/lib/ucl/libucl.a(n2d_d.o)
 .bss           0x8f040010        0x0 /opt/uboot_mlogic/build/lib/ucl/libucl.a(n2e_d.o)
 .bss           0x8f040010        0x0 /opt/toolchains/arm-mlogic/bin/../lib/gcc/arm-none-eabi/4.4.1/libgcc.a(_udivsi3.o)
 .bss           0x8f040010        0x0 /opt/toolchains/arm-mlogic/bin/../lib/gcc/arm-none-eabi/4.4.1/libgcc.a(_dvmd_tls.o)

.stack          0x8f040010     0x2010
                0x8f040010                __stack_start = .
                0x8f042010                . = (__stack_start + 0x2000)
 *fill*         0x8f040010     0x2000 00
                0x8f042010                __stack_end = .
                0x8f042020                . = (__stack_end + 0x10)
 *fill*         0x8f042010       0x10 00
                0x8f042020                __bss_end = .

.heap           0x8f042020     0x1000
                0x8f042020                __heap_start = .
                0x8f043020                . = (__heap_start + 0x1000)
 *fill*         0x8f042020     0x1000 00
                0x8f043020                __heap_end = .
                0x8f044000                . = ALIGN (0x2000)
                0x8f044000                end_kernel = .
Address of section .text set to 0x8f000000
LOAD /opt/uboot_mlogic/build/arch/arm/cpu/aml_meson/uclboot/start.o
START GROUP
LOAD /opt/uboot_mlogic/build/arch/arm/cpu/aml_meson/uclboot/ucl_lib_aml_meson.a
LOAD /opt/uboot_mlogic/build/arch/arm/cpu/aml_meson/m1/libm1.a
LOAD /opt/uboot_mlogic/build/lib/ucl/libucl.a
END GROUP
LOAD /opt/toolchains/arm-mlogic/bin/../lib/gcc/arm-none-eabi/4.4.1/libgcc.a
OUTPUT(/opt/uboot_mlogic/build/u-boot-ucl elf32-littlearm)

.ARM.attributes
                0x00000000       0x31
 .ARM.attributes
                0x00000000       0x25 /opt/uboot_mlogic/build/arch/arm/cpu/aml_meson/uclboot/start.o
 .ARM.attributes
                0x00000025       0x35 /opt/uboot_mlogic/build/arch/arm/cpu/aml_meson/uclboot/ucl_lib_aml_meson.a(misc.o)
 .ARM.attributes
                0x0000005a       0x25 /opt/uboot_mlogic/build/arch/arm/cpu/aml_meson/uclboot/ucl_lib_aml_meson.a(piggy.o)
 .ARM.attributes
                0x0000007f       0x35 /opt/uboot_mlogic/build/arch/arm/cpu/aml_meson/uclboot/ucl_lib_aml_meson.a(interrupts.o)
 .ARM.attributes
                0x000000b4       0x35 /opt/uboot_mlogic/build/arch/arm/cpu/aml_meson/m1/libm1.a(serial.o)
 .ARM.attributes
                0x000000e9       0x35 /opt/uboot_mlogic/build/arch/arm/cpu/aml_meson/m1/libm1.a(clock.o)
 .ARM.attributes
                0x0000011e       0x25 /opt/uboot_mlogic/build/arch/arm/cpu/aml_meson/m1/libm1.a(mmutable.o)
 .ARM.attributes
                0x00000143       0x35 /opt/uboot_mlogic/build/lib/ucl/libucl.a(ucl_decompress.o)
 .ARM.attributes
                0x00000178       0x35 /opt/uboot_mlogic/build/lib/ucl/libucl.a(n2b_d.o)
 .ARM.attributes
                0x000001ad       0x35 /opt/uboot_mlogic/build/lib/ucl/libucl.a(n2d_d.o)
 .ARM.attributes
                0x000001e2       0x35 /opt/uboot_mlogic/build/lib/ucl/libucl.a(n2e_d.o)
 .ARM.attributes
                0x00000217       0x1a /opt/toolchains/arm-mlogic/bin/../lib/gcc/arm-none-eabi/4.4.1/libgcc.a(_udivsi3.o)
 .ARM.attributes
                0x00000231       0x18 /opt/toolchains/arm-mlogic/bin/../lib/gcc/arm-none-eabi/4.4.1/libgcc.a(_dvmd_tls.o)

.comment        0x00000000      0x158
 .comment       0x00000000       0x2b /opt/uboot_mlogic/build/arch/arm/cpu/aml_meson/uclboot/ucl_lib_aml_meson.a(misc.o)
 .comment       0x0000002b       0x2b /opt/uboot_mlogic/build/arch/arm/cpu/aml_meson/uclboot/ucl_lib_aml_meson.a(interrupts.o)
 .comment       0x00000056       0x2b /opt/uboot_mlogic/build/arch/arm/cpu/aml_meson/m1/libm1.a(serial.o)
 .comment       0x00000081       0x2b /opt/uboot_mlogic/build/arch/arm/cpu/aml_meson/m1/libm1.a(clock.o)
 .comment       0x000000ac       0x2b /opt/uboot_mlogic/build/lib/ucl/libucl.a(ucl_decompress.o)
 .comment       0x000000d7       0x2b /opt/uboot_mlogic/build/lib/ucl/libucl.a(n2b_d.o)
 .comment       0x00000102       0x2b /opt/uboot_mlogic/build/lib/ucl/libucl.a(n2d_d.o)
 .comment       0x0000012d       0x2b /opt/uboot_mlogic/build/lib/ucl/libucl.a(n2e_d.o)

.debug_line     0x00000000      0x640
 .debug_line    0x00000000       0x96 /opt/uboot_mlogic/build/arch/arm/cpu/aml_meson/uclboot/start.o
 .debug_line    0x00000096       0x3a /opt/uboot_mlogic/build/arch/arm/cpu/aml_meson/uclboot/ucl_lib_aml_meson.a(misc.o)
 .debug_line    0x000000d0       0x87 /opt/uboot_mlogic/build/arch/arm/cpu/aml_meson/uclboot/ucl_lib_aml_meson.a(interrupts.o)
 .debug_line    0x00000157      0x164 /opt/uboot_mlogic/build/arch/arm/cpu/aml_meson/m1/libm1.a(serial.o)
 .debug_line    0x000002bb       0xb5 /opt/uboot_mlogic/build/arch/arm/cpu/aml_meson/m1/libm1.a(clock.o)
 .debug_line    0x00000370      0x16b /opt/uboot_mlogic/build/lib/ucl/libucl.a(ucl_decompress.o)
 .debug_line    0x000004db       0x73 /opt/uboot_mlogic/build/lib/ucl/libucl.a(n2b_d.o)
 .debug_line    0x0000054e       0x74 /opt/uboot_mlogic/build/lib/ucl/libucl.a(n2d_d.o)
 .debug_line    0x000005c2       0x7e /opt/uboot_mlogic/build/lib/ucl/libucl.a(n2e_d.o)

.debug_info     0x00000000     0x1729
 .debug_info    0x00000000       0x62 /opt/uboot_mlogic/build/arch/arm/cpu/aml_meson/uclboot/start.o
 .debug_info    0x00000062       0x82 /opt/uboot_mlogic/build/arch/arm/cpu/aml_meson/uclboot/ucl_lib_aml_meson.a(misc.o)
 .debug_info    0x000000e4      0x208 /opt/uboot_mlogic/build/arch/arm/cpu/aml_meson/uclboot/ucl_lib_aml_meson.a(interrupts.o)
 .debug_info    0x000002ec      0x7ad /opt/uboot_mlogic/build/arch/arm/cpu/aml_meson/m1/libm1.a(serial.o)
 .debug_info    0x00000a99      0x1b2 /opt/uboot_mlogic/build/arch/arm/cpu/aml_meson/m1/libm1.a(clock.o)
 .debug_info    0x00000c4b      0x63f /opt/uboot_mlogic/build/lib/ucl/libucl.a(ucl_decompress.o)
 .debug_info    0x0000128a      0x189 /opt/uboot_mlogic/build/lib/ucl/libucl.a(n2b_d.o)
 .debug_info    0x00001413      0x18b /opt/uboot_mlogic/build/lib/ucl/libucl.a(n2d_d.o)
 .debug_info    0x0000159e      0x18b /opt/uboot_mlogic/build/lib/ucl/libucl.a(n2e_d.o)

.debug_abbrev   0x00000000      0x9bd
 .debug_abbrev  0x00000000       0x14 /opt/uboot_mlogic/build/arch/arm/cpu/aml_meson/uclboot/start.o
 .debug_abbrev  0x00000014       0x87 /opt/uboot_mlogic/build/arch/arm/cpu/aml_meson/uclboot/ucl_lib_aml_meson.a(misc.o)
 .debug_abbrev  0x0000009b       0xd3 /opt/uboot_mlogic/build/arch/arm/cpu/aml_meson/uclboot/ucl_lib_aml_meson.a(interrupts.o)
 .debug_abbrev  0x0000016e      0x2a6 /opt/uboot_mlogic/build/arch/arm/cpu/aml_meson/m1/libm1.a(serial.o)
 .debug_abbrev  0x00000414      0x105 /opt/uboot_mlogic/build/arch/arm/cpu/aml_meson/m1/libm1.a(clock.o)
 .debug_abbrev  0x00000519      0x222 /opt/uboot_mlogic/build/lib/ucl/libucl.a(ucl_decompress.o)
 .debug_abbrev  0x0000073b       0xe0 /opt/uboot_mlogic/build/lib/ucl/libucl.a(n2b_d.o)
 .debug_abbrev  0x0000081b       0xd1 /opt/uboot_mlogic/build/lib/ucl/libucl.a(n2d_d.o)
 .debug_abbrev  0x000008ec       0xd1 /opt/uboot_mlogic/build/lib/ucl/libucl.a(n2e_d.o)

.debug_aranges  0x00000000      0x120
 .debug_aranges
                0x00000000       0x20 /opt/uboot_mlogic/build/arch/arm/cpu/aml_meson/uclboot/start.o
 .debug_aranges
                0x00000020       0x20 /opt/uboot_mlogic/build/arch/arm/cpu/aml_meson/uclboot/ucl_lib_aml_meson.a(misc.o)
 .debug_aranges
                0x00000040       0x20 /opt/uboot_mlogic/build/arch/arm/cpu/aml_meson/uclboot/ucl_lib_aml_meson.a(interrupts.o)
 .debug_aranges
                0x00000060       0x20 /opt/uboot_mlogic/build/arch/arm/cpu/aml_meson/m1/libm1.a(serial.o)
 .debug_aranges
                0x00000080       0x20 /opt/uboot_mlogic/build/arch/arm/cpu/aml_meson/m1/libm1.a(clock.o)
 .debug_aranges
                0x000000a0       0x20 /opt/uboot_mlogic/build/lib/ucl/libucl.a(ucl_decompress.o)
 .debug_aranges
                0x000000c0       0x20 /opt/uboot_mlogic/build/lib/ucl/libucl.a(n2b_d.o)
 .debug_aranges
                0x000000e0       0x20 /opt/uboot_mlogic/build/lib/ucl/libucl.a(n2d_d.o)
 .debug_aranges
                0x00000100       0x20 /opt/uboot_mlogic/build/lib/ucl/libucl.a(n2e_d.o)

.debug_loc      0x00000000     0x1173
 .debug_loc     0x00000000       0x2b /opt/uboot_mlogic/build/arch/arm/cpu/aml_meson/uclboot/ucl_lib_aml_meson.a(misc.o)
 .debug_loc     0x0000002b      0x47b /opt/uboot_mlogic/build/arch/arm/cpu/aml_meson/m1/libm1.a(serial.o)
 .debug_loc     0x000004a6       0x45 /opt/uboot_mlogic/build/arch/arm/cpu/aml_meson/m1/libm1.a(clock.o)
 .debug_loc     0x000004eb      0x625 /opt/uboot_mlogic/build/lib/ucl/libucl.a(ucl_decompress.o)
 .debug_loc     0x00000b10      0x1cb /opt/uboot_mlogic/build/lib/ucl/libucl.a(n2b_d.o)
 .debug_loc     0x00000cdb      0x257 /opt/uboot_mlogic/build/lib/ucl/libucl.a(n2d_d.o)
 .debug_loc     0x00000f32      0x241 /opt/uboot_mlogic/build/lib/ucl/libucl.a(n2e_d.o)

.debug_pubnames
                0x00000000      0x3a7
 .debug_pubnames
                0x00000000       0x28 /opt/uboot_mlogic/build/arch/arm/cpu/aml_meson/uclboot/ucl_lib_aml_meson.a(misc.o)
 .debug_pubnames
                0x00000028       0xdf /opt/uboot_mlogic/build/arch/arm/cpu/aml_meson/uclboot/ucl_lib_aml_meson.a(interrupts.o)
 .debug_pubnames
                0x00000107      0x180 /opt/uboot_mlogic/build/arch/arm/cpu/aml_meson/m1/libm1.a(serial.o)
 .debug_pubnames
                0x00000287       0x56 /opt/uboot_mlogic/build/arch/arm/cpu/aml_meson/m1/libm1.a(clock.o)
 .debug_pubnames
                0x000002dd       0x43 /opt/uboot_mlogic/build/lib/ucl/libucl.a(ucl_decompress.o)
 .debug_pubnames
                0x00000320       0x2d /opt/uboot_mlogic/build/lib/ucl/libucl.a(n2b_d.o)
 .debug_pubnames
                0x0000034d       0x2d /opt/uboot_mlogic/build/lib/ucl/libucl.a(n2d_d.o)
 .debug_pubnames
                0x0000037a       0x2d /opt/uboot_mlogic/build/lib/ucl/libucl.a(n2e_d.o)

.debug_str      0x00000000      0x6b1
 .debug_str     0x00000000       0x71 /opt/uboot_mlogic/build/arch/arm/cpu/aml_meson/uclboot/ucl_lib_aml_meson.a(misc.o)
                                 0x7e (size before relaxing)
 .debug_str     0x00000071      0x10c /opt/uboot_mlogic/build/arch/arm/cpu/aml_meson/uclboot/ucl_lib_aml_meson.a(interrupts.o)
                                0x187 (size before relaxing)
 .debug_str     0x0000017d      0x2a6 /opt/uboot_mlogic/build/arch/arm/cpu/aml_meson/m1/libm1.a(serial.o)
                                0x364 (size before relaxing)
 .debug_str     0x00000423       0xa4 /opt/uboot_mlogic/build/arch/arm/cpu/aml_meson/m1/libm1.a(clock.o)
                                0x171 (size before relaxing)
 .debug_str     0x000004c7      0x155 /opt/uboot_mlogic/build/lib/ucl/libucl.a(ucl_decompress.o)
                                0x20b (size before relaxing)
 .debug_str     0x0000061c       0x57 /opt/uboot_mlogic/build/lib/ucl/libucl.a(n2b_d.o)
                                0x120 (size before relaxing)
 .debug_str     0x00000673       0x1f /opt/uboot_mlogic/build/lib/ucl/libucl.a(n2d_d.o)
                                0x120 (size before relaxing)
 .debug_str     0x00000692       0x1f /opt/uboot_mlogic/build/lib/ucl/libucl.a(n2e_d.o)
                                0x120 (size before relaxing)

.debug_frame    0x00000000      0x4a8
 .debug_frame   0x00000000       0x2c /opt/uboot_mlogic/build/arch/arm/cpu/aml_meson/uclboot/ucl_lib_aml_meson.a(misc.o)
 .debug_frame   0x0000002c       0xc0 /opt/uboot_mlogic/build/arch/arm/cpu/aml_meson/uclboot/ucl_lib_aml_meson.a(interrupts.o)
 .debug_frame   0x000000ec      0x1d4 /opt/uboot_mlogic/build/arch/arm/cpu/aml_meson/m1/libm1.a(serial.o)
 .debug_frame   0x000002c0       0x48 /opt/uboot_mlogic/build/arch/arm/cpu/aml_meson/m1/libm1.a(clock.o)
 .debug_frame   0x00000308       0xd8 /opt/uboot_mlogic/build/lib/ucl/libucl.a(ucl_decompress.o)
 .debug_frame   0x000003e0       0x38 /opt/uboot_mlogic/build/lib/ucl/libucl.a(n2b_d.o)
 .debug_frame   0x00000418       0x38 /opt/uboot_mlogic/build/lib/ucl/libucl.a(n2d_d.o)
 .debug_frame   0x00000450       0x38 /opt/uboot_mlogic/build/lib/ucl/libucl.a(n2e_d.o)
 .debug_frame   0x00000488       0x20 /opt/toolchains/arm-mlogic/bin/../lib/gcc/arm-none-eabi/4.4.1/libgcc.a(_udivsi3.o)

.debug_ranges   0x00000000       0x18
 .debug_ranges  0x00000000       0x18 /opt/uboot_mlogic/build/lib/ucl/libucl.a(ucl_decompress.o)

Cross Reference Table

Symbol                                            File
__aeabi_idiv0                                     /opt/toolchains/arm-mlogic/bin/../lib/gcc/arm-none-eabi/4.4.1/libgcc.a(_dvmd_tls.o)
                                                  /opt/toolchains/arm-mlogic/bin/../lib/gcc/arm-none-eabi/4.4.1/libgcc.a(_udivsi3.o)
__aeabi_ldiv0                                     /opt/toolchains/arm-mlogic/bin/../lib/gcc/arm-none-eabi/4.4.1/libgcc.a(_dvmd_tls.o)
__aeabi_uidiv                                     /opt/toolchains/arm-mlogic/bin/../lib/gcc/arm-none-eabi/4.4.1/libgcc.a(_udivsi3.o)
                                                  /opt/uboot_mlogic/build/arch/arm/cpu/aml_meson/m1/libm1.a(clock.o)
__aeabi_uidivmod                                  /opt/toolchains/arm-mlogic/bin/../lib/gcc/arm-none-eabi/4.4.1/libgcc.a(_udivsi3.o)
__bss_end                                         /opt/uboot_mlogic/build/arch/arm/cpu/aml_meson/uclboot/start.o
__bss_start                                       /opt/uboot_mlogic/build/arch/arm/cpu/aml_meson/uclboot/start.o
__serial_set_pin_port                             /opt/uboot_mlogic/build/arch/arm/cpu/aml_meson/m1/libm1.a(serial.o)
__text_start                                      /opt/uboot_mlogic/build/arch/arm/cpu/aml_meson/uclboot/start.o
__udivsi3                                         /opt/toolchains/arm-mlogic/bin/../lib/gcc/arm-none-eabi/4.4.1/libgcc.a(_udivsi3.o)
_armboot_start                                    /opt/uboot_mlogic/build/arch/arm/cpu/aml_meson/uclboot/start.o
_bss_end                                          /opt/uboot_mlogic/build/arch/arm/cpu/aml_meson/uclboot/start.o
_bss_start                                        /opt/uboot_mlogic/build/arch/arm/cpu/aml_meson/uclboot/start.o
_end_vect                                         /opt/uboot_mlogic/build/arch/arm/cpu/aml_meson/uclboot/start.o
_start                                            /opt/uboot_mlogic/build/arch/arm/cpu/aml_meson/uclboot/start.o
bad_mode                                          /opt/uboot_mlogic/build/arch/arm/cpu/aml_meson/uclboot/ucl_lib_aml_meson.a(interrupts.o)
clk_util_clk_msr                                  /opt/uboot_mlogic/build/arch/arm/cpu/aml_meson/m1/libm1.a(clock.o)
disable_interrupts                                /opt/uboot_mlogic/build/arch/arm/cpu/aml_meson/uclboot/ucl_lib_aml_meson.a(interrupts.o)
do_data_abort                                     /opt/uboot_mlogic/build/arch/arm/cpu/aml_meson/uclboot/ucl_lib_aml_meson.a(interrupts.o)
                                                  /opt/uboot_mlogic/build/arch/arm/cpu/aml_meson/uclboot/start.o
do_fiq                                            /opt/uboot_mlogic/build/arch/arm/cpu/aml_meson/uclboot/ucl_lib_aml_meson.a(interrupts.o)
                                                  /opt/uboot_mlogic/build/arch/arm/cpu/aml_meson/uclboot/start.o
do_irq                                            /opt/uboot_mlogic/build/arch/arm/cpu/aml_meson/uclboot/ucl_lib_aml_meson.a(interrupts.o)
                                                  /opt/uboot_mlogic/build/arch/arm/cpu/aml_meson/uclboot/start.o
do_not_used                                       /opt/uboot_mlogic/build/arch/arm/cpu/aml_meson/uclboot/ucl_lib_aml_meson.a(interrupts.o)
                                                  /opt/uboot_mlogic/build/arch/arm/cpu/aml_meson/uclboot/start.o
do_prefetch_abort                                 /opt/uboot_mlogic/build/arch/arm/cpu/aml_meson/uclboot/ucl_lib_aml_meson.a(interrupts.o)
                                                  /opt/uboot_mlogic/build/arch/arm/cpu/aml_meson/uclboot/start.o
do_software_interrupt                             /opt/uboot_mlogic/build/arch/arm/cpu/aml_meson/uclboot/ucl_lib_aml_meson.a(interrupts.o)
                                                  /opt/uboot_mlogic/build/arch/arm/cpu/aml_meson/uclboot/start.o
do_undefined_instruction                          /opt/uboot_mlogic/build/arch/arm/cpu/aml_meson/uclboot/ucl_lib_aml_meson.a(interrupts.o)
                                                  /opt/uboot_mlogic/build/arch/arm/cpu/aml_meson/uclboot/start.o
enable_interrupts                                 /opt/uboot_mlogic/build/arch/arm/cpu/aml_meson/uclboot/ucl_lib_aml_meson.a(interrupts.o)
getDebugChar                                      /opt/uboot_mlogic/build/arch/arm/cpu/aml_meson/m1/libm1.a(serial.o)
get_clk81                                         /opt/uboot_mlogic/build/arch/arm/cpu/aml_meson/m1/libm1.a(clock.o)
                                                  /opt/uboot_mlogic/build/arch/arm/cpu/aml_meson/m1/libm1.a(serial.o)
get_cpu_clk                                       /opt/uboot_mlogic/build/arch/arm/cpu/aml_meson/m1/libm1.a(clock.o)
input_data                                        /opt/uboot_mlogic/build/arch/arm/cpu/aml_meson/uclboot/ucl_lib_aml_meson.a(piggy.o)
                                                  /opt/uboot_mlogic/build/arch/arm/cpu/aml_meson/uclboot/ucl_lib_aml_meson.a(misc.o)
input_data_end                                    /opt/uboot_mlogic/build/arch/arm/cpu/aml_meson/uclboot/ucl_lib_aml_meson.a(piggy.o)
kgdb_serial_init                                  /opt/uboot_mlogic/build/arch/arm/cpu/aml_meson/m1/libm1.a(serial.o)
mmu_table                                         /opt/uboot_mlogic/build/arch/arm/cpu/aml_meson/m1/libm1.a(mmutable.o)
                                                  /opt/uboot_mlogic/build/arch/arm/cpu/aml_meson/uclboot/start.o
putDebugChar                                      /opt/uboot_mlogic/build/arch/arm/cpu/aml_meson/m1/libm1.a(serial.o)
putDebugStr                                       /opt/uboot_mlogic/build/arch/arm/cpu/aml_meson/m1/libm1.a(serial.o)
romboot_info                                      /opt/uboot_mlogic/build/arch/arm/cpu/aml_meson/m1/libm1.a(clock.o)
serial_getc                                       /opt/uboot_mlogic/build/arch/arm/cpu/aml_meson/m1/libm1.a(serial.o)
serial_getc_port                                  /opt/uboot_mlogic/build/arch/arm/cpu/aml_meson/m1/libm1.a(serial.o)
serial_init                                       /opt/uboot_mlogic/build/arch/arm/cpu/aml_meson/m1/libm1.a(serial.o)
serial_init_port                                  /opt/uboot_mlogic/build/arch/arm/cpu/aml_meson/m1/libm1.a(serial.o)
serial_putc                                       /opt/uboot_mlogic/build/arch/arm/cpu/aml_meson/m1/libm1.a(serial.o)
serial_putc_port                                  /opt/uboot_mlogic/build/arch/arm/cpu/aml_meson/m1/libm1.a(serial.o)
serial_putdata                                    /opt/uboot_mlogic/build/arch/arm/cpu/aml_meson/m1/libm1.a(serial.o)
serial_putdata_port                               /opt/uboot_mlogic/build/arch/arm/cpu/aml_meson/m1/libm1.a(serial.o)
serial_puts                                       /opt/uboot_mlogic/build/arch/arm/cpu/aml_meson/m1/libm1.a(serial.o)
                                                  /opt/uboot_mlogic/build/arch/arm/cpu/aml_meson/uclboot/ucl_lib_aml_meson.a(misc.o)
serial_puts_port                                  /opt/uboot_mlogic/build/arch/arm/cpu/aml_meson/m1/libm1.a(serial.o)
serial_set_pin_port                               /opt/uboot_mlogic/build/arch/arm/cpu/aml_meson/m1/libm1.a(serial.o)
serial_setbrg                                     /opt/uboot_mlogic/build/arch/arm/cpu/aml_meson/m1/libm1.a(serial.o)
serial_setbrg_port                                /opt/uboot_mlogic/build/arch/arm/cpu/aml_meson/m1/libm1.a(serial.o)
serial_tstc                                       /opt/uboot_mlogic/build/arch/arm/cpu/aml_meson/m1/libm1.a(serial.o)
serial_tstc_port                                  /opt/uboot_mlogic/build/arch/arm/cpu/aml_meson/m1/libm1.a(serial.o)
show_regs                                         /opt/uboot_mlogic/build/arch/arm/cpu/aml_meson/uclboot/ucl_lib_aml_meson.a(interrupts.o)
start_arcboot_ucl                                 /opt/uboot_mlogic/build/arch/arm/cpu/aml_meson/uclboot/ucl_lib_aml_meson.a(misc.o)
                                                  /opt/uboot_mlogic/build/arch/arm/cpu/aml_meson/uclboot/start.o
uclDecompress                                     /opt/uboot_mlogic/build/lib/ucl/libucl.a(ucl_decompress.o)
                                                  /opt/uboot_mlogic/build/arch/arm/cpu/aml_meson/uclboot/ucl_lib_aml_meson.a(misc.o)
ucl_adler32                                       /opt/uboot_mlogic/build/lib/ucl/libucl.a(ucl_decompress.o)
ucl_assert                                        /opt/uboot_mlogic/build/lib/ucl/libucl.a(ucl_decompress.o)
ucl_nrv2b_decompress_8                            /opt/uboot_mlogic/build/lib/ucl/libucl.a(n2b_d.o)
                                                  /opt/uboot_mlogic/build/lib/ucl/libucl.a(ucl_decompress.o)
ucl_nrv2d_decompress_8                            /opt/uboot_mlogic/build/lib/ucl/libucl.a(n2d_d.o)
                                                  /opt/uboot_mlogic/build/lib/ucl/libucl.a(ucl_decompress.o)
ucl_nrv2e_decompress_8                            /opt/uboot_mlogic/build/lib/ucl/libucl.a(n2e_d.o)
                                                  /opt/uboot_mlogic/build/lib/ucl/libucl.a(ucl_decompress.o)
